Info: *******************************************************************
Info: Running Quartus Prime Shell
    Info: Version 25.1std.0 Build 1129 10/21/2025 SC Lite Edition
    Info: Copyright (C) 2025  Altera Corporation. All rights reserved.
    Info: Your use of Altera Corporation's design tools, logic functions 
    Info: and other software and tools, and any partner logic 
    Info: functions, and any output files from any of the foregoing 
    Info: (including device programming or simulation files), and any 
    Info: associated documentation or information are expressly subject 
    Info: to the terms and conditions of the Altera Program License 
    Info: Subscription Agreement, the Altera Quartus Prime License Agreement,
    Info: the Altera IP License Agreement, or other applicable license
    Info: agreement, including, without limitation, that your use is for
    Info: the sole purpose of programming logic devices manufactured by
    Info: Altera and sold by Altera or its authorized distributors.  Please
    Info: refer to the Altera Software License Subscription Agreements 
    Info: on the Quartus Prime software download page.
    Info: Processing started: Sun Oct  4 23:51:03 2026
Info: Command: quartus_sh --flow compile ap_core.qpf
Info: Quartus(args): compile ap_core.qpf
Info: Project Name = /home/taualpha/card-writing-lab/minimal02-s1/src/fpga/ap_core
Info: Revision Name = ap_core
Info (125068): Revision "ap_core" was previously opened in Quartus Prime software version 18.1.1 Lite Edition. Created Quartus Prime Default Settings File /home/taualpha/card-writing-lab/minimal02-s1/src/fpga/ap_core_assignment_defaults.qdf, which contains the default assignment setting information from Quartus Prime software version 18.1.1 Lite Edition.
Info (125069): Default assignment values were changed in the current version of the Quartus Prime software -- changes to default assignments values are contained in file /home/taualpha/intelFPGA_lite/25.1std/quartus/linux64/assignment_defaults.qdf
Info: *******************************************************************
Info: Running Quartus Prime Shell
    Info: Version 25.1std.0 Build 1129 10/21/2025 SC Lite Edition
    Info: Processing started: Sun Oct  4 23:51:08 2026
Info: Command: quartus_sh -t apf/build_id_gen.tcl compile ap_core ap_core
Info: Quartus(args): compile ap_core ap_core
Info: APF core build date/time generated: /home/taualpha/card-writing-lab/minimal02-s1/src/fpga/apf/build_id.mif
Info (23030): Evaluation of Tcl script apf/build_id_gen.tcl was successful
Info: Quartus Prime Shell was successful. 0 errors, 0 warnings
    Info: Peak virtual memory: 442 megabytes
    Info: Processing ended: Sun Oct  4 23:51:10 2026
    Info: Elapsed time: 00:00:02
    Info: Total CPU time (on all processors): 00:00:01
Info: *******************************************************************
Info: Running Quartus Prime Analysis & Synthesis
    Info: Version 25.1std.0 Build 1129 10/21/2025 SC Lite Edition
    Info: Processing started: Sun Oct  4 23:51:16 2026
Info: Command: quartus_map --read_settings_files=on --write_settings_files=off ap_core -c ap_core
Info (16303): High Performance Effort optimization mode selected -- timing performance will be prioritized at the potential cost of increased compilation time
    Info (16304): Mode behavior is affected by advanced setting Fitter Effort (default for this mode is Standard Fit)
Info (20032): Parallel compilation is enabled and will use up to 2 processors
Info (12021): Found 1 design units, including 1 entities, in source file apf/apf_top.v
    Info (12023): Found entity 1: apf_top File: /home/taualpha/card-writing-lab/minimal02-s1/src/fpga/apf/apf_top.v Line: 44
Info (12021): Found 4 design units, including 4 entities, in source file apf/common.v
    Info (12023): Found entity 1: synch_2 File: /home/taualpha/card-writing-lab/minimal02-s1/src/fpga/apf/common.v Line: 39
    Info (12023): Found entity 2: synch_3 File: /home/taualpha/card-writing-lab/minimal02-s1/src/fpga/apf/common.v Line: 62
    Info (12023): Found entity 3: bram_block_dp File: /home/taualpha/card-writing-lab/minimal02-s1/src/fpga/apf/common.v Line: 82
    Info (12023): Found entity 4: bram_block_dp_nonstd File: /home/taualpha/card-writing-lab/minimal02-s1/src/fpga/apf/common.v Line: 120
Info (12021): Found 1 design units, including 1 entities, in source file apf/io_bridge_peripheral.v
    Info (12023): Found entity 1: io_bridge_peripheral File: /home/taualpha/card-writing-lab/minimal02-s1/src/fpga/apf/io_bridge_peripheral.v Line: 52
Info (12021): Found 1 design units, including 1 entities, in source file apf/io_pad_controller.v
    Info (12023): Found entity 1: io_pad_controller File: /home/taualpha/card-writing-lab/minimal02-s1/src/fpga/apf/io_pad_controller.v Line: 41
Info (12021): Found 1 design units, including 1 entities, in source file apf/mf_ddio_bidir_12.v
    Info (12023): Found entity 1: mf_ddio_bidir_12 File: /home/taualpha/card-writing-lab/minimal02-s1/src/fpga/apf/mf_ddio_bidir_12.v Line: 40
Info (12021): Found 1 design units, including 1 entities, in source file apf/mf_datatable.v
    Info (12023): Found entity 1: mf_datatable File: /home/taualpha/card-writing-lab/minimal02-s1/src/fpga/apf/mf_datatable.v Line: 40
Info (12021): Found 1 design units, including 1 entities, in source file core/core_top.v
    Info (12023): Found entity 1: core_top File: /home/taualpha/card-writing-lab/minimal02-s1/src/fpga/core/core_top.v Line: 9
Info (12021): Found 1 design units, including 1 entities, in source file core/core_bridge_cmd.v
    Info (12023): Found entity 1: core_bridge_cmd File: /home/taualpha/card-writing-lab/minimal02-s1/src/fpga/core/core_bridge_cmd.v Line: 18
Info (12021): Found 1 design units, including 1 entities, in source file core/mf_pllbase.v
    Info (12023): Found entity 1: mf_pllbase File: /home/taualpha/card-writing-lab/minimal02-s1/src/fpga/core/mf_pllbase.v Line: 8
Info (12021): Found 1 design units, including 1 entities, in source file core/mf_pllbase/mf_pllbase_0002.v
    Info (12023): Found entity 1: mf_pllbase_0002 File: /home/taualpha/card-writing-lab/minimal02-s1/src/fpga/core/mf_pllbase/mf_pllbase_0002.v Line: 2
Info (12021): Found 1 design units, including 1 entities, in source file core/lab_probe.sv
    Info (12023): Found entity 1: lab_probe File: /home/taualpha/card-writing-lab/minimal02-s1/src/fpga/core/lab_probe.sv Line: 3
Info (12021): Found 1 design units, including 1 entities, in source file core/lab_video.sv
    Info (12023): Found entity 1: lab_video File: /home/taualpha/card-writing-lab/minimal02-s1/src/fpga/core/lab_video.sv Line: 3
Info (12127): Elaborating entity "apf_top" for the top level hierarchy
Info (12128): Elaborating entity "mf_ddio_bidir_12" for hierarchy "mf_ddio_bidir_12:isco" File: /home/taualpha/card-writing-lab/minimal02-s1/src/fpga/apf/apf_top.v Line: 253
Info (12128): Elaborating entity "altddio_bidir" for hierarchy "mf_ddio_bidir_12:isco|altddio_bidir:ALTDDIO_BIDIR_component" File: /home/taualpha/card-writing-lab/minimal02-s1/src/fpga/apf/mf_ddio_bidir_12.v Line: 81
Info (12130): Elaborated megafunction instantiation "mf_ddio_bidir_12:isco|altddio_bidir:ALTDDIO_BIDIR_component" File: /home/taualpha/card-writing-lab/minimal02-s1/src/fpga/apf/mf_ddio_bidir_12.v Line: 81
Info (12133): Instantiated megafunction "mf_ddio_bidir_12:isco|altddio_bidir:ALTDDIO_BIDIR_component" with the following parameter: File: /home/taualpha/card-writing-lab/minimal02-s1/src/fpga/apf/mf_ddio_bidir_12.v Line: 81
    Info (12134): Parameter "extend_oe_disable" = "OFF"
    Info (12134): Parameter "implement_input_in_lcell" = "OFF"
    Info (12134): Parameter "intended_device_family" = "Cyclone V"
    Info (12134): Parameter "invert_output" = "OFF"
    Info (12134): Parameter "lpm_hint" = "UNUSED"
    Info (12134): Parameter "lpm_type" = "altddio_bidir"
    Info (12134): Parameter "oe_reg" = "UNREGISTERED"
    Info (12134): Parameter "power_up_high" = "OFF"
    Info (12134): Parameter "width" = "12"
Info (12021): Found 1 design units, including 1 entities, in source file db/ddio_bidir_euo.tdf
    Info (12023): Found entity 1: ddio_bidir_euo File: /home/taualpha/card-writing-lab/minimal02-s1/src/fpga/db/ddio_bidir_euo.tdf Line: 33
Info (12128): Elaborating entity "ddio_bidir_euo" for hierarchy "mf_ddio_bidir_12:isco|altddio_bidir:ALTDDIO_BIDIR_component|ddio_bidir_euo:auto_generated" File: /home/taualpha/intelFPGA_lite/25.1std/quartus/libraries/megafunctions/altddio_bidir.tdf Line: 116
Info (12128): Elaborating entity "io_pad_controller" for hierarchy "io_pad_controller:ipm" File: /home/taualpha/card-writing-lab/minimal02-s1/src/fpga/apf/apf_top.v Line: 314
Info (12128): Elaborating entity "synch_3" for hierarchy "io_pad_controller:ipm|synch_3:s00" File: /home/taualpha/card-writing-lab/minimal02-s1/src/fpga/apf/io_pad_controller.v Line: 65
Info (12128): Elaborating entity "io_bridge_peripheral" for hierarchy "io_bridge_peripheral:ibs" File: /home/taualpha/card-writing-lab/minimal02-s1/src/fpga/apf/apf_top.v Line: 343
Info (12128): Elaborating entity "core_top" for hierarchy "core_top:ic" File: /home/taualpha/card-writing-lab/minimal02-s1/src/fpga/apf/apf_top.v Line: 472
Info (12128): Elaborating entity "mf_pllbase" for hierarchy "core_top:ic|mf_pllbase:mp1" File: /home/taualpha/card-writing-lab/minimal02-s1/src/fpga/core/core_top.v Line: 315
Info (12128): Elaborating entity "mf_pllbase_0002" for hierarchy "core_top:ic|mf_pllbase:mp1|mf_pllbase_0002:mf_pllbase_inst" File: /home/taualpha/card-writing-lab/minimal02-s1/src/fpga/core/mf_pllbase.v Line: 28
Info (12128): Elaborating entity "altera_pll" for hierarchy "core_top:ic|mf_pllbase:mp1|mf_pllbase_0002:mf_pllbase_inst|altera_pll:altera_pll_i" File: /home/taualpha/card-writing-lab/minimal02-s1/src/fpga/core/mf_pllbase/mf_pllbase_0002.v Line: 97
Info (10008): Verilog HDL or VHDL information: EDA Netlist Writer cannot regroup multidimensional array "wire_to_nowhere_64" into its bus
Info (12130): Elaborated megafunction instantiation "core_top:ic|mf_pllbase:mp1|mf_pllbase_0002:mf_pllbase_inst|altera_pll:altera_pll_i" File: /home/taualpha/card-writing-lab/minimal02-s1/src/fpga/core/mf_pllbase/mf_pllbase_0002.v Line: 97
Info (12133): Instantiated megafunction "core_top:ic|mf_pllbase:mp1|mf_pllbase_0002:mf_pllbase_inst|altera_pll:altera_pll_i" with the following parameter: File: /home/taualpha/card-writing-lab/minimal02-s1/src/fpga/core/mf_pllbase/mf_pllbase_0002.v Line: 97
    Info (12134): Parameter "fractional_vco_multiplier" = "true"
    Info (12134): Parameter "reference_clock_frequency" = "74.25 MHz"
    Info (12134): Parameter "operation_mode" = "normal"
    Info (12134): Parameter "number_of_clocks" = "5"
    Info (12134): Parameter "output_clock_frequency0" = "12.287999 MHz"
    Info (12134): Parameter "phase_shift0" = "0 ps"
    Info (12134): Parameter "duty_cycle0" = "50"
    Info (12134): Parameter "output_clock_frequency1" = "12.287999 MHz"
    Info (12134): Parameter "phase_shift1" = "20345 ps"
    Info (12134): Parameter "duty_cycle1" = "50"
    Info (12134): Parameter "output_clock_frequency2" = "133.119993 MHz"
    Info (12134): Parameter "phase_shift2" = "0 ps"
    Info (12134): Parameter "duty_cycle2" = "50"
    Info (12134): Parameter "output_clock_frequency3" = "133.119992 MHz"
    Info (12134): Parameter "phase_shift3" = "6573 ps"
    Info (12134): Parameter "duty_cycle3" = "50"
    Info (12134): Parameter "output_clock_frequency4" = "133.119990 MHz"
    Info (12134): Parameter "phase_shift4" = "5634 ps"
    Info (12134): Parameter "duty_cycle4" = "50"
    Info (12134): Parameter "output_clock_frequency5" = "0 MHz"
    Info (12134): Parameter "phase_shift5" = "0 ps"
    Info (12134): Parameter "duty_cycle5" = "50"
    Info (12134): Parameter "output_clock_frequency6" = "0 MHz"
    Info (12134): Parameter "phase_shift6" = "0 ps"
    Info (12134): Parameter "duty_cycle6" = "50"
    Info (12134): Parameter "output_clock_frequency7" = "0 MHz"
    Info (12134): Parameter "phase_shift7" = "0 ps"
    Info (12134): Parameter "duty_cycle7" = "50"
    Info (12134): Parameter "output_clock_frequency8" = "0 MHz"
    Info (12134): Parameter "phase_shift8" = "0 ps"
    Info (12134): Parameter "duty_cycle8" = "50"
    Info (12134): Parameter "output_clock_frequency9" = "0 MHz"
    Info (12134): Parameter "phase_shift9" = "0 ps"
    Info (12134): Parameter "duty_cycle9" = "50"
    Info (12134): Parameter "output_clock_frequency10" = "0 MHz"
    Info (12134): Parameter "phase_shift10" = "0 ps"
    Info (12134): Parameter "duty_cycle10" = "50"
    Info (12134): Parameter "output_clock_frequency11" = "0 MHz"
    Info (12134): Parameter "phase_shift11" = "0 ps"
    Info (12134): Parameter "duty_cycle11" = "50"
    Info (12134): Parameter "output_clock_frequency12" = "0 MHz"
    Info (12134): Parameter "phase_shift12" = "0 ps"
    Info (12134): Parameter "duty_cycle12" = "50"
    Info (12134): Parameter "output_clock_frequency13" = "0 MHz"
    Info (12134): Parameter "phase_shift13" = "0 ps"
    Info (12134): Parameter "duty_cycle13" = "50"
    Info (12134): Parameter "output_clock_frequency14" = "0 MHz"
    Info (12134): Parameter "phase_shift14" = "0 ps"
    Info (12134): Parameter "duty_cycle14" = "50"
    Info (12134): Parameter "output_clock_frequency15" = "0 MHz"
    Info (12134): Parameter "phase_shift15" = "0 ps"
    Info (12134): Parameter "duty_cycle15" = "50"
    Info (12134): Parameter "output_clock_frequency16" = "0 MHz"
    Info (12134): Parameter "phase_shift16" = "0 ps"
    Info (12134): Parameter "duty_cycle16" = "50"
    Info (12134): Parameter "output_clock_frequency17" = "0 MHz"
    Info (12134): Parameter "phase_shift17" = "0 ps"
    Info (12134): Parameter "duty_cycle17" = "50"
    Info (12134): Parameter "pll_type" = "General"
    Info (12134): Parameter "pll_subtype" = "General"
Info (12128): Elaborating entity "core_bridge_cmd" for hierarchy "core_top:ic|core_bridge_cmd:commands" File: /home/taualpha/card-writing-lab/minimal02-s1/src/fpga/core/core_top.v Line: 360
Warning (10036): Verilog HDL or VHDL warning at core_bridge_cmd.v(139): object "host_2C" assigned a value but never read File: /home/taualpha/card-writing-lab/minimal02-s1/src/fpga/core/core_bridge_cmd.v Line: 139
Warning (10858): Verilog HDL warning at core_bridge_cmd.v(144): object host_4C used but never assigned File: /home/taualpha/card-writing-lab/minimal02-s1/src/fpga/core/core_bridge_cmd.v Line: 144
Warning (10036): Verilog HDL or VHDL warning at core_bridge_cmd.v(170): object "target_40" assigned a value but never read File: /home/taualpha/card-writing-lab/minimal02-s1/src/fpga/core/core_bridge_cmd.v Line: 170
Warning (10036): Verilog HDL or VHDL warning at core_bridge_cmd.v(171): object "target_44" assigned a value but never read File: /home/taualpha/card-writing-lab/minimal02-s1/src/fpga/core/core_bridge_cmd.v Line: 171
Warning (10036): Verilog HDL or VHDL warning at core_bridge_cmd.v(172): object "target_48" assigned a value but never read File: /home/taualpha/card-writing-lab/minimal02-s1/src/fpga/core/core_bridge_cmd.v Line: 172
Warning (10036): Verilog HDL or VHDL warning at core_bridge_cmd.v(173): object "target_4C" assigned a value but never read File: /home/taualpha/card-writing-lab/minimal02-s1/src/fpga/core/core_bridge_cmd.v Line: 173
Warning (10230): Verilog HDL assignment warning at core_bridge_cmd.v(243): truncated value with size 32 to match size of target (10) File: /home/taualpha/card-writing-lab/minimal02-s1/src/fpga/core/core_bridge_cmd.v Line: 243
Warning (10762): Verilog HDL Case Statement warning at core_bridge_cmd.v(246): can't check case statement for completeness because the case expression has too many possible states File: /home/taualpha/card-writing-lab/minimal02-s1/src/fpga/core/core_bridge_cmd.v Line: 246
Warning (10762): Verilog HDL Case Statement warning at core_bridge_cmd.v(281): can't check case statement for completeness because the case expression has too many possible states File: /home/taualpha/card-writing-lab/minimal02-s1/src/fpga/core/core_bridge_cmd.v Line: 281
Warning (10030): Net "host_4C" at core_bridge_cmd.v(144) has no driver or initial value, using a default initial value '0' File: /home/taualpha/card-writing-lab/minimal02-s1/src/fpga/core/core_bridge_cmd.v Line: 144
Info (12128): Elaborating entity "mf_datatable" for hierarchy "core_top:ic|core_bridge_cmd:commands|mf_datatable:idt" File: /home/taualpha/card-writing-lab/minimal02-s1/src/fpga/core/core_bridge_cmd.v Line: 578
Info (12128): Elaborating entity "altsyncram" for hierarchy "core_top:ic|core_bridge_cmd:commands|mf_datatable:idt|altsyncram:altsyncram_component" File: /home/taualpha/card-writing-lab/minimal02-s1/src/fpga/apf/mf_datatable.v Line: 100
Info (12130): Elaborated megafunction instantiation "core_top:ic|core_bridge_cmd:commands|mf_datatable:idt|altsyncram:altsyncram_component" File: /home/taualpha/card-writing-lab/minimal02-s1/src/fpga/apf/mf_datatable.v Line: 100
Info (12133): Instantiated megafunction "core_top:ic|core_bridge_cmd:commands|mf_datatable:idt|altsyncram:altsyncram_component" with the following parameter: File: /home/taualpha/card-writing-lab/minimal02-s1/src/fpga/apf/mf_datatable.v Line: 100
    Info (12134): Parameter "address_reg_b" = "CLOCK1"
    Info (12134): Parameter "clock_enable_input_a" = "BYPASS"
    Info (12134): Parameter "clock_enable_input_b" = "BYPASS"
    Info (12134): Parameter "clock_enable_output_a" = "BYPASS"
    Info (12134): Parameter "clock_enable_output_b" = "BYPASS"
    Info (12134): Parameter "indata_reg_b" = "CLOCK1"
    Info (12134): Parameter "init_file" = "./apf/build_id.mif"
    Info (12134): Parameter "intended_device_family" = "Cyclone V"
    Info (12134): Parameter "lpm_type" = "altsyncram"
    Info (12134): Parameter "numwords_a" = "256"
    Info (12134): Parameter "numwords_b" = "256"
    Info (12134): Parameter "operation_mode" = "BIDIR_DUAL_PORT"
    Info (12134): Parameter "outdata_aclr_a" = "NONE"
    Info (12134): Parameter "outdata_aclr_b" = "NONE"
    Info (12134): Parameter "outdata_reg_a" = "CLOCK0"
    Info (12134): Parameter "outdata_reg_b" = "CLOCK1"
    Info (12134): Parameter "power_up_uninitialized" = "FALSE"
    Info (12134): Parameter "read_during_write_mode_port_a" = "NEW_DATA_NO_NBE_READ"
    Info (12134): Parameter "read_during_write_mode_port_b" = "NEW_DATA_NO_NBE_READ"
    Info (12134): Parameter "widthad_a" = "8"
    Info (12134): Parameter "widthad_b" = "8"
    Info (12134): Parameter "width_a" = "32"
    Info (12134): Parameter "width_b" = "32"
    Info (12134): Parameter "width_byteena_a" = "1"
    Info (12134): Parameter "width_byteena_b" = "1"
    Info (12134): Parameter "wrcontrol_wraddress_reg_b" = "CLOCK1"
Info (12021): Found 1 design units, including 1 entities, in source file db/altsyncram_ltk2.tdf
    Info (12023): Found entity 1: altsyncram_ltk2 File: /home/taualpha/card-writing-lab/minimal02-s1/src/fpga/db/altsyncram_ltk2.tdf Line: 28
Info (12128): Elaborating entity "altsyncram_ltk2" for hierarchy "core_top:ic|core_bridge_cmd:commands|mf_datatable:idt|altsyncram:altsyncram_component|altsyncram_ltk2:auto_generated" File: /home/taualpha/intelFPGA_lite/25.1std/quartus/libraries/megafunctions/altsyncram.tdf Line: 792
Warning (113028): 253 out of 256 addresses are uninitialized. The Quartus Prime software will initialize them to "0". There are 2 warnings found, and 2 warnings are reported. File: /home/taualpha/card-writing-lab/minimal02-s1/src/fpga/apf/build_id.mif Line: 1
    Warning (113027): Addresses ranging from 0 to 223 are not initialized File: /home/taualpha/card-writing-lab/minimal02-s1/src/fpga/apf/build_id.mif Line: 1
    Warning (113027): Addresses ranging from 227 to 255 are not initialized File: /home/taualpha/card-writing-lab/minimal02-s1/src/fpga/apf/build_id.mif Line: 1
Info (12128): Elaborating entity "lab_probe" for hierarchy "core_top:ic|lab_probe:probe" File: /home/taualpha/card-writing-lab/minimal02-s1/src/fpga/core/core_top.v Line: 370
Warning (10230): Verilog HDL assignment warning at lab_probe.sv(163): truncated value with size 32 to match size of target (4) File: /home/taualpha/card-writing-lab/minimal02-s1/src/fpga/core/lab_probe.sv Line: 163
Info (12128): Elaborating entity "synch_3" for hierarchy "core_top:ic|synch_3:display_sync" File: /home/taualpha/card-writing-lab/minimal02-s1/src/fpga/core/core_top.v Line: 375
Warning (10230): Verilog HDL assignment warning at common.v(74): truncated value with size 135 to match size of target (1) File: /home/taualpha/card-writing-lab/minimal02-s1/src/fpga/apf/common.v Line: 74
Warning (10230): Verilog HDL assignment warning at common.v(75): truncated value with size 135 to match size of target (1) File: /home/taualpha/card-writing-lab/minimal02-s1/src/fpga/apf/common.v Line: 75
Info (12128): Elaborating entity "lab_video" for hierarchy "core_top:ic|lab_video:screen" File: /home/taualpha/card-writing-lab/minimal02-s1/src/fpga/core/core_top.v Line: 383
Warning (10762): Verilog HDL Case Statement warning at lab_video.sv(75): can't check case statement for completeness because the case expression has too many possible states File: /home/taualpha/card-writing-lab/minimal02-s1/src/fpga/core/lab_video.sv Line: 75
Warning (10270): Verilog HDL Case Statement warning at lab_video.sv(75): incomplete case statement has no default case item File: /home/taualpha/card-writing-lab/minimal02-s1/src/fpga/core/lab_video.sv Line: 75
Warning (10230): Verilog HDL assignment warning at lab_video.sv(9): truncated value with size 32 to match size of target (8) File: /home/taualpha/card-writing-lab/minimal02-s1/src/fpga/core/lab_video.sv Line: 9
Warning (10230): Verilog HDL assignment warning at lab_video.sv(115): truncated value with size 32 to match size of target (10) File: /home/taualpha/card-writing-lab/minimal02-s1/src/fpga/core/lab_video.sv Line: 115
Warning (14284): Synthesized away the following node(s):
    Warning (14285): Synthesized away the following PLL node(s):
        Warning (14320): Synthesized away node "core_top:ic|mf_pllbase:mp1|mf_pllbase_0002:mf_pllbase_inst|altera_pll:altera_pll_i|outclk_wire[2]" File: /home/taualpha/intelFPGA_lite/25.1std/quartus/libraries/megafunctions/altera_pll.v Line: 749
        Warning (14320): Synthesized away node "core_top:ic|mf_pllbase:mp1|mf_pllbase_0002:mf_pllbase_inst|altera_pll:altera_pll_i|outclk_wire[3]" File: /home/taualpha/intelFPGA_lite/25.1std/quartus/libraries/megafunctions/altera_pll.v Line: 749
        Warning (14320): Synthesized away node "core_top:ic|mf_pllbase:mp1|mf_pllbase_0002:mf_pllbase_inst|altera_pll:altera_pll_i|outclk_wire[4]" File: /home/taualpha/intelFPGA_lite/25.1std/quartus/libraries/megafunctions/altera_pll.v Line: 749
Info (286030): Timing-Driven Synthesis is running
Info (284007): State machine "|apf_top|core_top:ic|lab_probe:probe|state" will be implemented as a safe state machine. File: /home/taualpha/card-writing-lab/minimal02-s1/src/fpga/core/lab_probe.sv Line: 24
Info (284007): State machine "|apf_top|core_top:ic|core_bridge_cmd:commands|tstate" will be implemented as a safe state machine. File: /home/taualpha/card-writing-lab/minimal02-s1/src/fpga/core/core_bridge_cmd.v Line: 180
Info (284007): State machine "|apf_top|core_top:ic|core_bridge_cmd:commands|hstate" will be implemented as a safe state machine. File: /home/taualpha/card-writing-lab/minimal02-s1/src/fpga/core/core_bridge_cmd.v Line: 157
Info (284007): State machine "|apf_top|io_bridge_peripheral:ibs|rx_latch_idx" will be implemented as a safe state machine. File: /home/taualpha/card-writing-lab/minimal02-s1/src/fpga/apf/io_bridge_peripheral.v Line: 304
Info (284007): State machine "|apf_top|io_bridge_peripheral:ibs|spis" will be implemented as a safe state machine. File: /home/taualpha/card-writing-lab/minimal02-s1/src/fpga/apf/io_bridge_peripheral.v Line: 106
Info (284007): State machine "|apf_top|io_bridge_peripheral:ibs|state" will be implemented as a safe state machine. File: /home/taualpha/card-writing-lab/minimal02-s1/src/fpga/apf/io_bridge_peripheral.v Line: 86
Info (284007): State machine "|apf_top|io_pad_controller:ipm|tr_state" will be implemented as a safe state machine. File: /home/taualpha/card-writing-lab/minimal02-s1/src/fpga/apf/io_pad_controller.v Line: 223
Info (284007): State machine "|apf_top|io_pad_controller:ipm|state" will be implemented as a safe state machine. File: /home/taualpha/card-writing-lab/minimal02-s1/src/fpga/apf/io_pad_controller.v Line: 91
Info (19000): Inferred 1 megafunctions from design logic
    Info (276034): Inferred altshift_taps megafunction from the following design logic: "core_top:ic|synch_3:display_sync|stage_1_rtl_0"
        Info (286033): Parameter NUMBER_OF_TAPS set to 1
        Info (286033): Parameter TAP_DISTANCE set to 3
        Info (286033): Parameter WIDTH set to 135
        Info (286033): Parameter POWER_UP_STATE set to DONT_CARE
Info (278001): Inferred 4 megafunctions from design logic
    Info (278004): Inferred divider/modulo megafunction ("lpm_divide") from the following logic: "core_top:ic|lab_video:screen|Div0" File: /home/taualpha/card-writing-lab/minimal02-s1/src/fpga/core/lab_video.sv Line: 70
    Info (278004): Inferred divider/modulo megafunction ("lpm_divide") from the following logic: "core_top:ic|lab_video:screen|Mod0" File: /home/taualpha/card-writing-lab/minimal02-s1/src/fpga/core/lab_video.sv Line: 72
    Info (278004): Inferred divider/modulo megafunction ("lpm_divide") from the following logic: "core_top:ic|lab_video:screen|Mod1" File: /home/taualpha/card-writing-lab/minimal02-s1/src/fpga/core/lab_video.sv Line: 73
    Info (278004): Inferred divider/modulo megafunction ("lpm_divide") from the following logic: "core_top:ic|lab_video:screen|Div1" File: /home/taualpha/card-writing-lab/minimal02-s1/src/fpga/core/lab_video.sv Line: 71
Info (12130): Elaborated megafunction instantiation "core_top:ic|synch_3:display_sync|altshift_taps:stage_1_rtl_0"
Info (12133): Instantiated megafunction "core_top:ic|synch_3:display_sync|altshift_taps:stage_1_rtl_0" with the following parameter:
    Info (12134): Parameter "NUMBER_OF_TAPS" = "1"
    Info (12134): Parameter "TAP_DISTANCE" = "3"
    Info (12134): Parameter "WIDTH" = "135"
    Info (12134): Parameter "POWER_UP_STATE" = "DONT_CARE"
Info (12021): Found 1 design units, including 1 entities, in source file db/shift_taps_f0v.tdf
    Info (12023): Found entity 1: shift_taps_f0v File: /home/taualpha/card-writing-lab/minimal02-s1/src/fpga/db/shift_taps_f0v.tdf Line: 27
Info (12021): Found 1 design units, including 1 entities, in source file db/altsyncram_nu91.tdf
    Info (12023): Found entity 1: altsyncram_nu91 File: /home/taualpha/card-writing-lab/minimal02-s1/src/fpga/db/altsyncram_nu91.tdf Line: 28
Info (12021): Found 1 design units, including 1 entities, in source file db/cntr_ohf.tdf
    Info (12023): Found entity 1: cntr_ohf File: /home/taualpha/card-writing-lab/minimal02-s1/src/fpga/db/cntr_ohf.tdf Line: 28
Info (12021): Found 1 design units, including 1 entities, in source file db/cmpr_a9c.tdf
    Info (12023): Found entity 1: cmpr_a9c File: /home/taualpha/card-writing-lab/minimal02-s1/src/fpga/db/cmpr_a9c.tdf Line: 23
Info (12130): Elaborated megafunction instantiation "core_top:ic|lab_video:screen|lpm_divide:Div0" File: /home/taualpha/card-writing-lab/minimal02-s1/src/fpga/core/lab_video.sv Line: 70
Info (12133): Instantiated megafunction "core_top:ic|lab_video:screen|lpm_divide:Div0" with the following parameter: File: /home/taualpha/card-writing-lab/minimal02-s1/src/fpga/core/lab_video.sv Line: 70
    Info (12134): Parameter "LPM_WIDTHN" = "32"
    Info (12134): Parameter "LPM_WIDTHD" = "6"
    Info (12134): Parameter "LPM_NREPRESENTATION" = "SIGNED"
    Info (12134): Parameter "LPM_DREPRESENTATION" = "SIGNED"
    Info (12134): Parameter "LPM_HINT" = "LPM_REMAINDERPOSITIVE=FALSE"
Info (12021): Found 1 design units, including 1 entities, in source file db/lpm_divide_cpo.tdf
    Info (12023): Found entity 1: lpm_divide_cpo File: /home/taualpha/card-writing-lab/minimal02-s1/src/fpga/db/lpm_divide_cpo.tdf Line: 25
Info (12021): Found 1 design units, including 1 entities, in source file db/abs_divider_lbg.tdf
    Info (12023): Found entity 1: abs_divider_lbg File: /home/taualpha/card-writing-lab/minimal02-s1/src/fpga/db/abs_divider_lbg.tdf Line: 29
Info (12021): Found 1 design units, including 1 entities, in source file db/alt_u_div_qve.tdf
    Info (12023): Found entity 1: alt_u_div_qve File: /home/taualpha/card-writing-lab/minimal02-s1/src/fpga/db/alt_u_div_qve.tdf Line: 23
Info (12021): Found 1 design units, including 1 entities, in source file db/lpm_abs_ln9.tdf
    Info (12023): Found entity 1: lpm_abs_ln9 File: /home/taualpha/card-writing-lab/minimal02-s1/src/fpga/db/lpm_abs_ln9.tdf Line: 23
Info (12021): Found 1 design units, including 1 entities, in source file db/lpm_abs_4p9.tdf
    Info (12023): Found entity 1: lpm_abs_4p9 File: /home/taualpha/card-writing-lab/minimal02-s1/src/fpga/db/lpm_abs_4p9.tdf Line: 23
Info (12130): Elaborated megafunction instantiation "core_top:ic|lab_video:screen|lpm_divide:Mod0" File: /home/taualpha/card-writing-lab/minimal02-s1/src/fpga/core/lab_video.sv Line: 72
Info (12133): Instantiated megafunction "core_top:ic|lab_video:screen|lpm_divide:Mod0" with the following parameter: File: /home/taualpha/card-writing-lab/minimal02-s1/src/fpga/core/lab_video.sv Line: 72
    Info (12134): Parameter "LPM_WIDTHN" = "32"
    Info (12134): Parameter "LPM_WIDTHD" = "5"
    Info (12134): Parameter "LPM_NREPRESENTATION" = "SIGNED"
    Info (12134): Parameter "LPM_DREPRESENTATION" = "SIGNED"
    Info (12134): Parameter "LPM_HINT" = "LPM_REMAINDERPOSITIVE=FALSE"
Info (12021): Found 1 design units, including 1 entities, in source file db/lpm_divide_eho.tdf
    Info (12023): Found entity 1: lpm_divide_eho File: /home/taualpha/card-writing-lab/minimal02-s1/src/fpga/db/lpm_divide_eho.tdf Line: 25
Info (12021): Found 1 design units, including 1 entities, in source file db/abs_divider_kbg.tdf
    Info (12023): Found entity 1: abs_divider_kbg File: /home/taualpha/card-writing-lab/minimal02-s1/src/fpga/db/abs_divider_kbg.tdf Line: 29
Info (12021): Found 1 design units, including 1 entities, in source file db/alt_u_div_ove.tdf
    Info (12023): Found entity 1: alt_u_div_ove File: /home/taualpha/card-writing-lab/minimal02-s1/src/fpga/db/alt_u_div_ove.tdf Line: 23
Info (12021): Found 1 design units, including 1 entities, in source file db/lpm_abs_kn9.tdf
    Info (12023): Found entity 1: lpm_abs_kn9 File: /home/taualpha/card-writing-lab/minimal02-s1/src/fpga/db/lpm_abs_kn9.tdf Line: 23
Info (12130): Elaborated megafunction instantiation "core_top:ic|lab_video:screen|lpm_divide:Mod1" File: /home/taualpha/card-writing-lab/minimal02-s1/src/fpga/core/lab_video.sv Line: 73
Info (12133): Instantiated megafunction "core_top:ic|lab_video:screen|lpm_divide:Mod1" with the following parameter: File: /home/taualpha/card-writing-lab/minimal02-s1/src/fpga/core/lab_video.sv Line: 73
    Info (12134): Parameter "LPM_WIDTHN" = "32"
    Info (12134): Parameter "LPM_WIDTHD" = "6"
    Info (12134): Parameter "LPM_NREPRESENTATION" = "SIGNED"
    Info (12134): Parameter "LPM_DREPRESENTATION" = "SIGNED"
    Info (12134): Parameter "LPM_HINT" = "LPM_REMAINDERPOSITIVE=FALSE"
Info (12021): Found 1 design units, including 1 entities, in source file db/lpm_divide_fho.tdf
    Info (12023): Found entity 1: lpm_divide_fho File: /home/taualpha/card-writing-lab/minimal02-s1/src/fpga/db/lpm_divide_fho.tdf Line: 25
Info (12130): Elaborated megafunction instantiation "core_top:ic|lab_video:screen|lpm_divide:Div1" File: /home/taualpha/card-writing-lab/minimal02-s1/src/fpga/core/lab_video.sv Line: 71
Info (12133): Instantiated megafunction "core_top:ic|lab_video:screen|lpm_divide:Div1" with the following parameter: File: /home/taualpha/card-writing-lab/minimal02-s1/src/fpga/core/lab_video.sv Line: 71
    Info (12134): Parameter "LPM_WIDTHN" = "32"
    Info (12134): Parameter "LPM_WIDTHD" = "5"
    Info (12134): Parameter "LPM_NREPRESENTATION" = "SIGNED"
    Info (12134): Parameter "LPM_DREPRESENTATION" = "SIGNED"
    Info (12134): Parameter "LPM_HINT" = "LPM_REMAINDERPOSITIVE=FALSE"
Info (12021): Found 1 design units, including 1 entities, in source file db/lpm_divide_bpo.tdf
    Info (12023): Found entity 1: lpm_divide_bpo File: /home/taualpha/card-writing-lab/minimal02-s1/src/fpga/db/lpm_divide_bpo.tdf Line: 25
Warning (12241): 14 hierarchies have connectivity warnings - see the Connectivity Checks report folder
Info (17026): Resynthesizing 0 WYSIWYG logic cells and I/Os using "speed" technology mapper which leaves 0 WYSIWYG logic cells and I/Os untouched
Warning (13039): The following bidirectional pins have no drivers
    Warning (13040): bidirectional pin "aux_sda" has no driver File: /home/taualpha/card-writing-lab/minimal02-s1/src/fpga/apf/apf_top.v Line: 208
Warning (13032): The following tri-state nodes are fed by constants
    Warning (13033): The pin "cart_tran_bank0[4]" is fed by VCC File: /home/taualpha/card-writing-lab/minimal02-s1/src/fpga/apf/apf_top.v Line: 73
    Warning (13033): The pin "cart_tran_bank0[5]" is fed by VCC File: /home/taualpha/card-writing-lab/minimal02-s1/src/fpga/apf/apf_top.v Line: 73
    Warning (13033): The pin "cart_tran_bank0[6]" is fed by VCC File: /home/taualpha/card-writing-lab/minimal02-s1/src/fpga/apf/apf_top.v Line: 73
    Warning (13033): The pin "cart_tran_bank0[7]" is fed by VCC File: /home/taualpha/card-writing-lab/minimal02-s1/src/fpga/apf/apf_top.v Line: 73
    Warning (13033): The pin "cart_tran_pin30" is fed by GND File: /home/taualpha/card-writing-lab/minimal02-s1/src/fpga/apf/apf_top.v Line: 77
Warning (13009): TRI or OPNDRN buffers permanently enabled
    Warning (13010): Node "cart_tran_bank0[4]~synth" File: /home/taualpha/card-writing-lab/minimal02-s1/src/fpga/apf/apf_top.v Line: 73
    Warning (13010): Node "cart_tran_bank0[5]~synth" File: /home/taualpha/card-writing-lab/minimal02-s1/src/fpga/apf/apf_top.v Line: 73
    Warning (13010): Node "cart_tran_bank0[6]~synth" File: /home/taualpha/card-writing-lab/minimal02-s1/src/fpga/apf/apf_top.v Line: 73
    Warning (13010): Node "cart_tran_bank0[7]~synth" File: /home/taualpha/card-writing-lab/minimal02-s1/src/fpga/apf/apf_top.v Line: 73
    Warning (13010): Node "mf_ddio_bidir_12:isco|altddio_bidir:ALTDDIO_BIDIR_component|ddio_bidir_euo:auto_generated|tri_buf1a[0]" File: /home/taualpha/card-writing-lab/minimal02-s1/src/fpga/db/ddio_bidir_euo.tdf Line: 59
    Warning (13010): Node "mf_ddio_bidir_12:isco|altddio_bidir:ALTDDIO_BIDIR_component|ddio_bidir_euo:auto_generated|tri_buf1a[1]" File: /home/taualpha/card-writing-lab/minimal02-s1/src/fpga/db/ddio_bidir_euo.tdf Line: 59
    Warning (13010): Node "mf_ddio_bidir_12:isco|altddio_bidir:ALTDDIO_BIDIR_component|ddio_bidir_euo:auto_generated|tri_buf1a[2]" File: /home/taualpha/card-writing-lab/minimal02-s1/src/fpga/db/ddio_bidir_euo.tdf Line: 59
    Warning (13010): Node "mf_ddio_bidir_12:isco|altddio_bidir:ALTDDIO_BIDIR_component|ddio_bidir_euo:auto_generated|tri_buf1a[3]" File: /home/taualpha/card-writing-lab/minimal02-s1/src/fpga/db/ddio_bidir_euo.tdf Line: 59
    Warning (13010): Node "mf_ddio_bidir_12:isco|altddio_bidir:ALTDDIO_BIDIR_component|ddio_bidir_euo:auto_generated|tri_buf1a[4]" File: /home/taualpha/card-writing-lab/minimal02-s1/src/fpga/db/ddio_bidir_euo.tdf Line: 59
    Warning (13010): Node "mf_ddio_bidir_12:isco|altddio_bidir:ALTDDIO_BIDIR_component|ddio_bidir_euo:auto_generated|tri_buf1a[5]" File: /home/taualpha/card-writing-lab/minimal02-s1/src/fpga/db/ddio_bidir_euo.tdf Line: 59
    Warning (13010): Node "mf_ddio_bidir_12:isco|altddio_bidir:ALTDDIO_BIDIR_component|ddio_bidir_euo:auto_generated|tri_buf1a[6]" File: /home/taualpha/card-writing-lab/minimal02-s1/src/fpga/db/ddio_bidir_euo.tdf Line: 59
    Warning (13010): Node "mf_ddio_bidir_12:isco|altddio_bidir:ALTDDIO_BIDIR_component|ddio_bidir_euo:auto_generated|tri_buf1a[7]" File: /home/taualpha/card-writing-lab/minimal02-s1/src/fpga/db/ddio_bidir_euo.tdf Line: 59
    Warning (13010): Node "mf_ddio_bidir_12:isco|altddio_bidir:ALTDDIO_BIDIR_component|ddio_bidir_euo:auto_generated|tri_buf1a[8]" File: /home/taualpha/card-writing-lab/minimal02-s1/src/fpga/db/ddio_bidir_euo.tdf Line: 59
    Warning (13010): Node "mf_ddio_bidir_12:isco|altddio_bidir:ALTDDIO_BIDIR_component|ddio_bidir_euo:auto_generated|tri_buf1a[9]" File: /home/taualpha/card-writing-lab/minimal02-s1/src/fpga/db/ddio_bidir_euo.tdf Line: 59
    Warning (13010): Node "mf_ddio_bidir_12:isco|altddio_bidir:ALTDDIO_BIDIR_component|ddio_bidir_euo:auto_generated|tri_buf1a[10]" File: /home/taualpha/card-writing-lab/minimal02-s1/src/fpga/db/ddio_bidir_euo.tdf Line: 59
    Warning (13010): Node "mf_ddio_bidir_12:isco|altddio_bidir:ALTDDIO_BIDIR_component|ddio_bidir_euo:auto_generated|tri_buf1a[11]" File: /home/taualpha/card-writing-lab/minimal02-s1/src/fpga/db/ddio_bidir_euo.tdf Line: 59
    Warning (13010): Node "mf_ddio_bidir_12:isclk|altddio_bidir:ALTDDIO_BIDIR_component|ddio_bidir_euo:auto_generated|tri_buf1a[0]" File: /home/taualpha/card-writing-lab/minimal02-s1/src/fpga/db/ddio_bidir_euo.tdf Line: 59
    Warning (13010): Node "mf_ddio_bidir_12:iscc|altddio_bidir:ALTDDIO_BIDIR_component|ddio_bidir_euo:auto_generated|tri_buf1a[1]" File: /home/taualpha/card-writing-lab/minimal02-s1/src/fpga/db/ddio_bidir_euo.tdf Line: 59
    Warning (13010): Node "mf_ddio_bidir_12:iscc|altddio_bidir:ALTDDIO_BIDIR_component|ddio_bidir_euo:auto_generated|tri_buf1a[0]" File: /home/taualpha/card-writing-lab/minimal02-s1/src/fpga/db/ddio_bidir_euo.tdf Line: 59
    Warning (13010): Node "mf_ddio_bidir_12:iscc|altddio_bidir:ALTDDIO_BIDIR_component|ddio_bidir_euo:auto_generated|tri_buf1a[3]" File: /home/taualpha/card-writing-lab/minimal02-s1/src/fpga/db/ddio_bidir_euo.tdf Line: 59
    Warning (13010): Node "mf_ddio_bidir_12:iscc|altddio_bidir:ALTDDIO_BIDIR_component|ddio_bidir_euo:auto_generated|tri_buf1a[2]" File: /home/taualpha/card-writing-lab/minimal02-s1/src/fpga/db/ddio_bidir_euo.tdf Line: 59
Warning (13024): Output pins are stuck at VCC or GND
    Warning (13410): Pin "cart_tran_bank2_dir" is stuck at GND File: /home/taualpha/card-writing-lab/minimal02-s1/src/fpga/apf/apf_top.v Line: 58
    Warning (13410): Pin "cart_tran_bank3_dir" is stuck at GND File: /home/taualpha/card-writing-lab/minimal02-s1/src/fpga/apf/apf_top.v Line: 62
    Warning (13410): Pin "cart_tran_bank1_dir" is stuck at GND File: /home/taualpha/card-writing-lab/minimal02-s1/src/fpga/apf/apf_top.v Line: 66
    Warning (13410): Pin "cart_tran_bank0_dir" is stuck at VCC File: /home/taualpha/card-writing-lab/minimal02-s1/src/fpga/apf/apf_top.v Line: 74
    Warning (13410): Pin "cart_pin30_pwroff_reset" is stuck at GND File: /home/taualpha/card-writing-lab/minimal02-s1/src/fpga/apf/apf_top.v Line: 83
    Warning (13410): Pin "cart_tran_pin31_dir" is stuck at GND File: /home/taualpha/card-writing-lab/minimal02-s1/src/fpga/apf/apf_top.v Line: 87
    Warning (13410): Pin "port_ir_tx" is stuck at GND File: /home/taualpha/card-writing-lab/minimal02-s1/src/fpga/apf/apf_top.v Line: 92
    Warning (13410): Pin "port_ir_rx_disable" is stuck at VCC File: /home/taualpha/card-writing-lab/minimal02-s1/src/fpga/apf/apf_top.v Line: 93
    Warning (13410): Pin "port_tran_si_dir" is stuck at GND File: /home/taualpha/card-writing-lab/minimal02-s1/src/fpga/apf/apf_top.v Line: 97
    Warning (13410): Pin "port_tran_so_dir" is stuck at GND File: /home/taualpha/card-writing-lab/minimal02-s1/src/fpga/apf/apf_top.v Line: 99
    Warning (13410): Pin "port_tran_sck_dir" is stuck at GND File: /home/taualpha/card-writing-lab/minimal02-s1/src/fpga/apf/apf_top.v Line: 101
    Warning (13410): Pin "port_tran_sd_dir" is stuck at GND File: /home/taualpha/card-writing-lab/minimal02-s1/src/fpga/apf/apf_top.v Line: 103
    Warning (13410): Pin "scal_auddac" is stuck at GND File: /home/taualpha/card-writing-lab/minimal02-s1/src/fpga/apf/apf_top.v Line: 117
    Warning (13410): Pin "cram0_a[16]" is stuck at GND File: /home/taualpha/card-writing-lab/minimal02-s1/src/fpga/apf/apf_top.v Line: 133
    Warning (13410): Pin "cram0_a[17]" is stuck at GND File: /home/taualpha/card-writing-lab/minimal02-s1/src/fpga/apf/apf_top.v Line: 133
    Warning (13410): Pin "cram0_a[18]" is stuck at GND File: /home/taualpha/card-writing-lab/minimal02-s1/src/fpga/apf/apf_top.v Line: 133
    Warning (13410): Pin "cram0_a[19]" is stuck at GND File: /home/taualpha/card-writing-lab/minimal02-s1/src/fpga/apf/apf_top.v Line: 133
    Warning (13410): Pin "cram0_a[20]" is stuck at GND File: /home/taualpha/card-writing-lab/minimal02-s1/src/fpga/apf/apf_top.v Line: 133
    Warning (13410): Pin "cram0_a[21]" is stuck at GND File: /home/taualpha/card-writing-lab/minimal02-s1/src/fpga/apf/apf_top.v Line: 133
    Warning (13410): Pin "cram0_clk" is stuck at GND File: /home/taualpha/card-writing-lab/minimal02-s1/src/fpga/apf/apf_top.v Line: 136
    Warning (13410): Pin "cram0_adv_n" is stuck at VCC File: /home/taualpha/card-writing-lab/minimal02-s1/src/fpga/apf/apf_top.v Line: 137
    Warning (13410): Pin "cram0_cre" is stuck at GND File: /home/taualpha/card-writing-lab/minimal02-s1/src/fpga/apf/apf_top.v Line: 138
    Warning (13410): Pin "cram0_ce0_n" is stuck at VCC File: /home/taualpha/card-writing-lab/minimal02-s1/src/fpga/apf/apf_top.v Line: 139
    Warning (13410): Pin "cram0_ce1_n" is stuck at VCC File: /home/taualpha/card-writing-lab/minimal02-s1/src/fpga/apf/apf_top.v Line: 140
    Warning (13410): Pin "cram0_oe_n" is stuck at VCC File: /home/taualpha/card-writing-lab/minimal02-s1/src/fpga/apf/apf_top.v Line: 141
    Warning (13410): Pin "cram0_we_n" is stuck at VCC File: /home/taualpha/card-writing-lab/minimal02-s1/src/fpga/apf/apf_top.v Line: 142
    Warning (13410): Pin "cram0_ub_n" is stuck at VCC File: /home/taualpha/card-writing-lab/minimal02-s1/src/fpga/apf/apf_top.v Line: 143
    Warning (13410): Pin "cram0_lb_n" is stuck at VCC File: /home/taualpha/card-writing-lab/minimal02-s1/src/fpga/apf/apf_top.v Line: 144
    Warning (13410): Pin "cram1_a[16]" is stuck at GND File: /home/taualpha/card-writing-lab/minimal02-s1/src/fpga/apf/apf_top.v Line: 146
    Warning (13410): Pin "cram1_a[17]" is stuck at GND File: /home/taualpha/card-writing-lab/minimal02-s1/src/fpga/apf/apf_top.v Line: 146
    Warning (13410): Pin "cram1_a[18]" is stuck at GND File: /home/taualpha/card-writing-lab/minimal02-s1/src/fpga/apf/apf_top.v Line: 146
    Warning (13410): Pin "cram1_a[19]" is stuck at GND File: /home/taualpha/card-writing-lab/minimal02-s1/src/fpga/apf/apf_top.v Line: 146
    Warning (13410): Pin "cram1_a[20]" is stuck at GND File: /home/taualpha/card-writing-lab/minimal02-s1/src/fpga/apf/apf_top.v Line: 146
    Warning (13410): Pin "cram1_a[21]" is stuck at GND File: /home/taualpha/card-writing-lab/minimal02-s1/src/fpga/apf/apf_top.v Line: 146
    Warning (13410): Pin "cram1_clk" is stuck at GND File: /home/taualpha/card-writing-lab/minimal02-s1/src/fpga/apf/apf_top.v Line: 149
    Warning (13410): Pin "cram1_adv_n" is stuck at VCC File: /home/taualpha/card-writing-lab/minimal02-s1/src/fpga/apf/apf_top.v Line: 150
    Warning (13410): Pin "cram1_cre" is stuck at GND File: /home/taualpha/card-writing-lab/minimal02-s1/src/fpga/apf/apf_top.v Line: 151
    Warning (13410): Pin "cram1_ce0_n" is stuck at VCC File: /home/taualpha/card-writing-lab/minimal02-s1/src/fpga/apf/apf_top.v Line: 152
    Warning (13410): Pin "cram1_ce1_n" is stuck at VCC File: /home/taualpha/card-writing-lab/minimal02-s1/src/fpga/apf/apf_top.v Line: 153
    Warning (13410): Pin "cram1_oe_n" is stuck at VCC File: /home/taualpha/card-writing-lab/minimal02-s1/src/fpga/apf/apf_top.v Line: 154
    Warning (13410): Pin "cram1_we_n" is stuck at VCC File: /home/taualpha/card-writing-lab/minimal02-s1/src/fpga/apf/apf_top.v Line: 155
    Warning (13410): Pin "cram1_ub_n" is stuck at VCC File: /home/taualpha/card-writing-lab/minimal02-s1/src/fpga/apf/apf_top.v Line: 156
    Warning (13410): Pin "cram1_lb_n" is stuck at VCC File: /home/taualpha/card-writing-lab/minimal02-s1/src/fpga/apf/apf_top.v Line: 157
    Warning (13410): Pin "dram_a[0]" is stuck at GND File: /home/taualpha/card-writing-lab/minimal02-s1/src/fpga/apf/apf_top.v Line: 162
    Warning (13410): Pin "dram_a[1]" is stuck at GND File: /home/taualpha/card-writing-lab/minimal02-s1/src/fpga/apf/apf_top.v Line: 162
    Warning (13410): Pin "dram_a[2]" is stuck at GND File: /home/taualpha/card-writing-lab/minimal02-s1/src/fpga/apf/apf_top.v Line: 162
    Warning (13410): Pin "dram_a[3]" is stuck at GND File: /home/taualpha/card-writing-lab/minimal02-s1/src/fpga/apf/apf_top.v Line: 162
    Warning (13410): Pin "dram_a[4]" is stuck at GND File: /home/taualpha/card-writing-lab/minimal02-s1/src/fpga/apf/apf_top.v Line: 162
    Warning (13410): Pin "dram_a[5]" is stuck at GND File: /home/taualpha/card-writing-lab/minimal02-s1/src/fpga/apf/apf_top.v Line: 162
    Warning (13410): Pin "dram_a[6]" is stuck at GND File: /home/taualpha/card-writing-lab/minimal02-s1/src/fpga/apf/apf_top.v Line: 162
    Warning (13410): Pin "dram_a[7]" is stuck at GND File: /home/taualpha/card-writing-lab/minimal02-s1/src/fpga/apf/apf_top.v Line: 162
    Warning (13410): Pin "dram_a[8]" is stuck at GND File: /home/taualpha/card-writing-lab/minimal02-s1/src/fpga/apf/apf_top.v Line: 162
    Warning (13410): Pin "dram_a[9]" is stuck at GND File: /home/taualpha/card-writing-lab/minimal02-s1/src/fpga/apf/apf_top.v Line: 162
    Warning (13410): Pin "dram_a[10]" is stuck at GND File: /home/taualpha/card-writing-lab/minimal02-s1/src/fpga/apf/apf_top.v Line: 162
    Warning (13410): Pin "dram_a[11]" is stuck at GND File: /home/taualpha/card-writing-lab/minimal02-s1/src/fpga/apf/apf_top.v Line: 162
    Warning (13410): Pin "dram_a[12]" is stuck at GND File: /home/taualpha/card-writing-lab/minimal02-s1/src/fpga/apf/apf_top.v Line: 162
    Warning (13410): Pin "dram_ba[0]" is stuck at GND File: /home/taualpha/card-writing-lab/minimal02-s1/src/fpga/apf/apf_top.v Line: 163
    Warning (13410): Pin "dram_ba[1]" is stuck at GND File: /home/taualpha/card-writing-lab/minimal02-s1/src/fpga/apf/apf_top.v Line: 163
    Warning (13410): Pin "dram_dqm[0]" is stuck at GND File: /home/taualpha/card-writing-lab/minimal02-s1/src/fpga/apf/apf_top.v Line: 165
    Warning (13410): Pin "dram_dqm[1]" is stuck at GND File: /home/taualpha/card-writing-lab/minimal02-s1/src/fpga/apf/apf_top.v Line: 165
    Warning (13410): Pin "dram_clk" is stuck at GND File: /home/taualpha/card-writing-lab/minimal02-s1/src/fpga/apf/apf_top.v Line: 166
    Warning (13410): Pin "dram_cke" is stuck at GND File: /home/taualpha/card-writing-lab/minimal02-s1/src/fpga/apf/apf_top.v Line: 167
    Warning (13410): Pin "dram_ras_n" is stuck at VCC File: /home/taualpha/card-writing-lab/minimal02-s1/src/fpga/apf/apf_top.v Line: 168
    Warning (13410): Pin "dram_cas_n" is stuck at VCC File: /home/taualpha/card-writing-lab/minimal02-s1/src/fpga/apf/apf_top.v Line: 169
    Warning (13410): Pin "dram_we_n" is stuck at VCC File: /home/taualpha/card-writing-lab/minimal02-s1/src/fpga/apf/apf_top.v Line: 170
    Warning (13410): Pin "sram_a[0]" is stuck at GND File: /home/taualpha/card-writing-lab/minimal02-s1/src/fpga/apf/apf_top.v Line: 175
    Warning (13410): Pin "sram_a[1]" is stuck at GND File: /home/taualpha/card-writing-lab/minimal02-s1/src/fpga/apf/apf_top.v Line: 175
    Warning (13410): Pin "sram_a[2]" is stuck at GND File: /home/taualpha/card-writing-lab/minimal02-s1/src/fpga/apf/apf_top.v Line: 175
    Warning (13410): Pin "sram_a[3]" is stuck at GND File: /home/taualpha/card-writing-lab/minimal02-s1/src/fpga/apf/apf_top.v Line: 175
    Warning (13410): Pin "sram_a[4]" is stuck at GND File: /home/taualpha/card-writing-lab/minimal02-s1/src/fpga/apf/apf_top.v Line: 175
    Warning (13410): Pin "sram_a[5]" is stuck at GND File: /home/taualpha/card-writing-lab/minimal02-s1/src/fpga/apf/apf_top.v Line: 175
    Warning (13410): Pin "sram_a[6]" is stuck at GND File: /home/taualpha/card-writing-lab/minimal02-s1/src/fpga/apf/apf_top.v Line: 175
    Warning (13410): Pin "sram_a[7]" is stuck at GND File: /home/taualpha/card-writing-lab/minimal02-s1/src/fpga/apf/apf_top.v Line: 175
    Warning (13410): Pin "sram_a[8]" is stuck at GND File: /home/taualpha/card-writing-lab/minimal02-s1/src/fpga/apf/apf_top.v Line: 175
    Warning (13410): Pin "sram_a[9]" is stuck at GND File: /home/taualpha/card-writing-lab/minimal02-s1/src/fpga/apf/apf_top.v Line: 175
    Warning (13410): Pin "sram_a[10]" is stuck at GND File: /home/taualpha/card-writing-lab/minimal02-s1/src/fpga/apf/apf_top.v Line: 175
    Warning (13410): Pin "sram_a[11]" is stuck at GND File: /home/taualpha/card-writing-lab/minimal02-s1/src/fpga/apf/apf_top.v Line: 175
    Warning (13410): Pin "sram_a[12]" is stuck at GND File: /home/taualpha/card-writing-lab/minimal02-s1/src/fpga/apf/apf_top.v Line: 175
    Warning (13410): Pin "sram_a[13]" is stuck at GND File: /home/taualpha/card-writing-lab/minimal02-s1/src/fpga/apf/apf_top.v Line: 175
    Warning (13410): Pin "sram_a[14]" is stuck at GND File: /home/taualpha/card-writing-lab/minimal02-s1/src/fpga/apf/apf_top.v Line: 175
    Warning (13410): Pin "sram_a[15]" is stuck at GND File: /home/taualpha/card-writing-lab/minimal02-s1/src/fpga/apf/apf_top.v Line: 175
    Warning (13410): Pin "sram_a[16]" is stuck at GND File: /home/taualpha/card-writing-lab/minimal02-s1/src/fpga/apf/apf_top.v Line: 175
    Warning (13410): Pin "sram_oe_n" is stuck at VCC File: /home/taualpha/card-writing-lab/minimal02-s1/src/fpga/apf/apf_top.v Line: 177
    Warning (13410): Pin "sram_we_n" is stuck at VCC File: /home/taualpha/card-writing-lab/minimal02-s1/src/fpga/apf/apf_top.v Line: 178
    Warning (13410): Pin "sram_ub_n" is stuck at VCC File: /home/taualpha/card-writing-lab/minimal02-s1/src/fpga/apf/apf_top.v Line: 179
    Warning (13410): Pin "sram_lb_n" is stuck at VCC File: /home/taualpha/card-writing-lab/minimal02-s1/src/fpga/apf/apf_top.v Line: 180
Info (17049): 42 registers lost all their fanouts during netlist optimizations.
Info (16010): Generating hard_block partition "hard_block:auto_generated_inst"
    Info (16011): Adding 74 node(s), including 17 DDIO, 2 PLL, 0 transceiver and 0 LCELL
Warning: RST port on the PLL is not properly connected on instance core_top:ic|mf_pllbase:mp1|mf_pllbase_0002:mf_pllbase_inst|altera_pll:altera_pll_i|general[0].gpll. The reset port on the PLL should be connected. If the PLL loses lock for any reason, you might need to manually reset the PLL in order to re-establish lock to the reference clock. File: /home/taualpha/intelFPGA_lite/25.1std/quartus/libraries/megafunctions/altera_pll.v Line: 749
    Info: Must be connected
Warning: RST port on the PLL is not properly connected on instance core_top:ic|mf_pllbase:mp1|mf_pllbase_0002:mf_pllbase_inst|altera_pll:altera_pll_i|general[1].gpll. The reset port on the PLL should be connected. If the PLL loses lock for any reason, you might need to manually reset the PLL in order to re-establish lock to the reference clock. File: /home/taualpha/intelFPGA_lite/25.1std/quartus/libraries/megafunctions/altera_pll.v Line: 749
    Info: Must be connected
Warning (21074): Design contains 8 input pin(s) that do not drive logic
    Warning (15610): No output dependent on input pin "clk_74b" File: /home/taualpha/card-writing-lab/minimal02-s1/src/fpga/apf/apf_top.v Line: 49
    Warning (15610): No output dependent on input pin "port_ir_rx" File: /home/taualpha/card-writing-lab/minimal02-s1/src/fpga/apf/apf_top.v Line: 91
    Warning (15610): No output dependent on input pin "scal_audadc" File: /home/taualpha/card-writing-lab/minimal02-s1/src/fpga/apf/apf_top.v Line: 116
    Warning (15610): No output dependent on input pin "cram0_wait" File: /home/taualpha/card-writing-lab/minimal02-s1/src/fpga/apf/apf_top.v Line: 135
    Warning (15610): No output dependent on input pin "cram1_wait" File: /home/taualpha/card-writing-lab/minimal02-s1/src/fpga/apf/apf_top.v Line: 148
    Warning (15610): No output dependent on input pin "vblank" File: /home/taualpha/card-writing-lab/minimal02-s1/src/fpga/apf/apf_top.v Line: 185
    Warning (15610): No output dependent on input pin "dbg_rx" File: /home/taualpha/card-writing-lab/minimal02-s1/src/fpga/apf/apf_top.v Line: 191
    Warning (15610): No output dependent on input pin "user2" File: /home/taualpha/card-writing-lab/minimal02-s1/src/fpga/apf/apf_top.v Line: 197
Info (21057): Implemented 5210 device resources after synthesis - the final resource count might be different
    Info (21058): Implemented 10 input pins
    Info (21059): Implemented 93 output pins
    Info (21060): Implemented 121 bidirectional pins
    Info (21061): Implemented 4800 logic cells
    Info (21064): Implemented 167 RAM segments
    Info (21065): Implemented 2 PLLs
Info: Quartus Prime Analysis & Synthesis was successful. 0 errors, 154 warnings
    Info: Peak virtual memory: 492 megabytes
    Info: Processing ended: Sun Oct  4 23:54:45 2026
    Info: Elapsed time: 00:03:29
    Info: Total CPU time (on all processors): 00:04:34
Info: *******************************************************************
Info: Running Quartus Prime Fitter
    Info: Version 25.1std.0 Build 1129 10/21/2025 SC Lite Edition
    Info: Processing started: Sun Oct  4 23:54:49 2026
Info: Command: quartus_fit --read_settings_files=off --write_settings_files=off ap_core -c ap_core
Info: qfit2_default_script.tcl version: #1
Info: Project  = ap_core
Info: Revision = ap_core
Info (16303): High Performance Effort optimization mode selected -- timing performance will be prioritized at the potential cost of increased compilation time
    Info (16304): Mode behavior is affected by advanced setting Fitter Effort (default for this mode is Standard Fit)
Info (20032): Parallel compilation is enabled and will use up to 2 processors
Info (119006): Selected device 5CEBA4F23C8 for design "ap_core"
Info (21077): Low junction temperature is 0 degrees C
Info (21077): High junction temperature is 85 degrees C
Warning: RST port on the PLL is not properly connected on instance core_top:ic|mf_pllbase:mp1|mf_pllbase_0002:mf_pllbase_inst|altera_pll:altera_pll_i|general[0].gpll. The reset port on the PLL should be connected. If the PLL loses lock for any reason, you might need to manually reset the PLL in order to re-establish lock to the reference clock. File: /home/taualpha/intelFPGA_lite/25.1std/quartus/libraries/megafunctions/altera_pll.v Line: 749
    Info: Must be connected
Info (171003): Fitter is performing an Auto Fit compilation, which may decrease Fitter effort to reduce compilation time
Warning (292013): Feature LogicLock is only available with a valid subscription license. You can purchase a software subscription to gain full access to this feature.
Warning (15714): Some pins have incomplete I/O assignments. Refer to the I/O Assignment Warnings report for details
Info (176045): Design uses memory blocks. Violating setup or hold times of memory block address registers for either read or write operations could cause memory contents to be corrupted. Make sure that all memory block address registers meet the setup and hold time requirements.
Info (184020): Starting Fitter periphery placement operations
Warning (177007): PLL(s) placed in location FRACTIONALPLL_X54_Y1_N0 do not have a PLL clock to compensate specified - the Fitter will attempt to compensate all PLL clocks
    Info (177008): PLL core_top:ic|mf_pllbase:mp1|mf_pllbase_0002:mf_pllbase_inst|altera_pll:altera_pll_i|general[0].gpll~FRACTIONAL_PLL
Info (11178): Promoted 2 clocks (2 global)
    Info (11162): core_top:ic|mf_pllbase:mp1|mf_pllbase_0002:mf_pllbase_inst|altera_pll:altera_pll_i|outclk_wire[0]~CLKENA0 with 362 fanout uses global clock CLKCTRL_G7
    Info (11162): core_top:ic|mf_pllbase:mp1|mf_pllbase_0002:mf_pllbase_inst|altera_pll:altera_pll_i|outclk_wire[1]~CLKENA0 with 3 fanout uses global clock CLKCTRL_G9
Info (11191): Automatically promoted 2 clocks (2 global)
    Info (11162): clk_74a~inputCLKENA0 with 1909 fanout uses global clock CLKCTRL_G4
    Info (11162): bridge_spiclk~inputCLKENA0 with 19 fanout uses global clock CLKCTRL_G10
        Info (12525): This signal is driven by core routing -- it may be moved during placement to reduce routing delays
Warning (16406): 1 global input pin(s) will use non-dedicated clock routing
    Warning (16407): Source REFCLK I/O is not placed onto a dedicated REFCLK input pin for global clock driver bridge_spiclk~inputCLKENA0, placed at CLKCTRL_G10
        Info (179012): Refclk input I/O pad bridge_spiclk is placed onto PIN_T17
Info (184021): Fitter periphery placement operations ending: elapsed time is 00:00:04
Info (332104): Reading SDC File: 'apf/apf_constraints.sdc'
Info (332110): Deriving PLL clocks
    Info (332110): create_generated_clock -source {ic|mp1|mf_pllbase_inst|altera_pll_i|general[0].gpll~FRACTIONAL_PLL|refclkin} -divide_by 512 -multiply_by 4153 -duty_cycle 50.00 -name {ic|mp1|mf_pllbase_inst|altera_pll_i|general[0].gpll~FRACTIONAL_PLL|vcoph[0]} {ic|mp1|mf_pllbase_inst|altera_pll_i|general[0].gpll~FRACTIONAL_PLL|vcoph[0]}
    Info (332110): create_generated_clock -source {ic|mp1|mf_pllbase_inst|altera_pll_i|general[0].gpll~PLL_OUTPUT_COUNTER|vco0ph[0]} -divide_by 49 -duty_cycle 50.00 -name {ic|mp1|mf_pllbase_inst|altera_pll_i|general[0].gpll~PLL_OUTPUT_COUNTER|divclk} {ic|mp1|mf_pllbase_inst|altera_pll_i|general[0].gpll~PLL_OUTPUT_COUNTER|divclk}
    Info (332110): create_generated_clock -source {ic|mp1|mf_pllbase_inst|altera_pll_i|general[1].gpll~PLL_OUTPUT_COUNTER|vco0ph[0]} -divide_by 49 -phase 90.00 -duty_cycle 50.00 -name {ic|mp1|mf_pllbase_inst|altera_pll_i|general[1].gpll~PLL_OUTPUT_COUNTER|divclk} {ic|mp1|mf_pllbase_inst|altera_pll_i|general[1].gpll~PLL_OUTPUT_COUNTER|divclk}
Info (332104): Reading SDC File: 'core/core_constraints.sdc'
Info (332097): The following timing edges are non-unate.  The Timing Analyzer will assume pos-unate behavior for these edges in the clock network.
    Info (332098): Cell: ic|mp1|mf_pllbase_inst|altera_pll_i|general[0].gpll~FRACTIONAL_PLL  from: refclkin  to: fbclk
    Info (332098): Cell: ic|mp1|mf_pllbase_inst|altera_pll_i|general[0].gpll~PLL_OUTPUT_COUNTER  from: vco0ph[0]  to: divclk
    Info (332098): Cell: ic|mp1|mf_pllbase_inst|altera_pll_i|general[0].gpll~PLL_REFCLK_SELECT  from: clkin[0]  to: clkout
    Info (332098): Cell: ic|mp1|mf_pllbase_inst|altera_pll_i|general[1].gpll~PLL_OUTPUT_COUNTER  from: vco0ph[0]  to: divclk
Info (332143): No user constrained clock uncertainty found in the design. Calling "derive_clock_uncertainty"
Info (332123): Deriving Clock Uncertainty. Please refer to report_sdc in the Timing Analyzer to see clock uncertainties.
Info (332129): Detected timing requirements -- optimizing circuit to achieve only the specified requirements
Info (332111): Found 6 clocks
    Info (332111):   Period   Clock Name
    Info (332111): ======== ============
    Info (332111):   13.468 bridge_spiclk
    Info (332111):   13.468      clk_74a
    Info (332111):   13.468      clk_74b
    Info (332111):    1.660 ic|mp1|mf_pllbase_inst|altera_pll_i|general[0].gpll~FRACTIONAL_PLL|vcoph[0]
    Info (332111):   81.359 ic|mp1|mf_pllbase_inst|altera_pll_i|general[0].gpll~PLL_OUTPUT_COUNTER|divclk
    Info (332111):   81.359 ic|mp1|mf_pllbase_inst|altera_pll_i|general[1].gpll~PLL_OUTPUT_COUNTER|divclk
Info (176233): Starting register packing
Info (176235): Finished register packing
    Extra Info (176219): No registers were packed into other blocks
Info (128000): Starting physical synthesis optimizations for speed
Info (128002): Starting physical synthesis algorithm register retiming
Info (128003): Physical synthesis algorithm register retiming complete: estimated slack improvement of 704 ps
Info (128002): Starting physical synthesis algorithm combinational resynthesis using boolean division
Info (128003): Physical synthesis algorithm combinational resynthesis using boolean division complete: estimated slack improvement of 0 ps
Info (128002): Starting physical synthesis algorithm register retiming
Info (128003): Physical synthesis algorithm register retiming complete: estimated slack improvement of 0 ps
Info (128002): Starting physical synthesis algorithm combinational resynthesis using boolean division
Info (128003): Physical synthesis algorithm combinational resynthesis using boolean division complete: estimated slack improvement of 0 ps
Info (128001): Physical synthesis optimizations for speed complete: elapsed time is 00:00:31
Info (176233): Starting register packing
Info (176235): Finished register packing
    Extra Info (176219): No registers were packed into other blocks
Info (11798): Fitter preparation operations ending: elapsed time is 00:01:40
Info (170189): Fitter placement preparation operations beginning
Info (14951): The Fitter is using Advanced Physical Optimization.
Info (170190): Fitter placement preparation operations ending: elapsed time is 00:01:48
Info (170191): Fitter placement operations beginning
Info (170137): Fitter placement was successful
Info (170192): Fitter placement operations ending: elapsed time is 00:00:14
Info (170193): Fitter routing operations beginning
Info (170195): Router estimated average interconnect usage is 3% of the available device resources
    Info (170196): Router estimated peak interconnect usage is 17% of the available device resources in the region that extends from location X33_Y11 to location X43_Y22
Info (170199): The Fitter performed an Auto Fit compilation.  Optimizations were skipped to reduce compilation time.
    Info (170201): Optimizations that may affect the design's routability were skipped
    Info (170200): Optimizations that may affect the design's timing were skipped
Info (170194): Fitter routing operations ending: elapsed time is 00:01:18
Info (11888): Total time spent on timing analysis during the Fitter is 31.48 seconds.
Info (334003): Started post-fitting delay annotation
Info (334004): Delay annotation completed successfully
Info (334003): Started post-fitting delay annotation
Info (334004): Delay annotation completed successfully
Info (11801): Fitter post-fit operations ending: elapsed time is 00:02:24
Warning (169064): Following 117 pins have no output enable or a GND or VCC output enable - later changes to this connectivity may change fitting results
    Info (169065): Pin cart_tran_bank2[0] has a permanently disabled output enable File: /home/taualpha/card-writing-lab/minimal02-s1/src/fpga/apf/apf_top.v Line: 57
    Info (169065): Pin cart_tran_bank2[1] has a permanently disabled output enable File: /home/taualpha/card-writing-lab/minimal02-s1/src/fpga/apf/apf_top.v Line: 57
    Info (169065): Pin cart_tran_bank2[2] has a permanently disabled output enable File: /home/taualpha/card-writing-lab/minimal02-s1/src/fpga/apf/apf_top.v Line: 57
    Info (169065): Pin cart_tran_bank2[3] has a permanently disabled output enable File: /home/taualpha/card-writing-lab/minimal02-s1/src/fpga/apf/apf_top.v Line: 57
    Info (169065): Pin cart_tran_bank2[4] has a permanently disabled output enable File: /home/taualpha/card-writing-lab/minimal02-s1/src/fpga/apf/apf_top.v Line: 57
    Info (169065): Pin cart_tran_bank2[5] has a permanently disabled output enable File: /home/taualpha/card-writing-lab/minimal02-s1/src/fpga/apf/apf_top.v Line: 57
    Info (169065): Pin cart_tran_bank2[6] has a permanently disabled output enable File: /home/taualpha/card-writing-lab/minimal02-s1/src/fpga/apf/apf_top.v Line: 57
    Info (169065): Pin cart_tran_bank2[7] has a permanently disabled output enable File: /home/taualpha/card-writing-lab/minimal02-s1/src/fpga/apf/apf_top.v Line: 57
    Info (169065): Pin cart_tran_bank3[0] has a permanently disabled output enable File: /home/taualpha/card-writing-lab/minimal02-s1/src/fpga/apf/apf_top.v Line: 61
    Info (169065): Pin cart_tran_bank3[1] has a permanently disabled output enable File: /home/taualpha/card-writing-lab/minimal02-s1/src/fpga/apf/apf_top.v Line: 61
    Info (169065): Pin cart_tran_bank3[2] has a permanently disabled output enable File: /home/taualpha/card-writing-lab/minimal02-s1/src/fpga/apf/apf_top.v Line: 61
    Info (169065): Pin cart_tran_bank3[3] has a permanently disabled output enable File: /home/taualpha/card-writing-lab/minimal02-s1/src/fpga/apf/apf_top.v Line: 61
    Info (169065): Pin cart_tran_bank3[4] has a permanently disabled output enable File: /home/taualpha/card-writing-lab/minimal02-s1/src/fpga/apf/apf_top.v Line: 61
    Info (169065): Pin cart_tran_bank3[5] has a permanently disabled output enable File: /home/taualpha/card-writing-lab/minimal02-s1/src/fpga/apf/apf_top.v Line: 61
    Info (169065): Pin cart_tran_bank3[6] has a permanently disabled output enable File: /home/taualpha/card-writing-lab/minimal02-s1/src/fpga/apf/apf_top.v Line: 61
    Info (169065): Pin cart_tran_bank3[7] has a permanently disabled output enable File: /home/taualpha/card-writing-lab/minimal02-s1/src/fpga/apf/apf_top.v Line: 61
    Info (169065): Pin cart_tran_bank1[0] has a permanently disabled output enable File: /home/taualpha/card-writing-lab/minimal02-s1/src/fpga/apf/apf_top.v Line: 65
    Info (169065): Pin cart_tran_bank1[1] has a permanently disabled output enable File: /home/taualpha/card-writing-lab/minimal02-s1/src/fpga/apf/apf_top.v Line: 65
    Info (169065): Pin cart_tran_bank1[2] has a permanently disabled output enable File: /home/taualpha/card-writing-lab/minimal02-s1/src/fpga/apf/apf_top.v Line: 65
    Info (169065): Pin cart_tran_bank1[3] has a permanently disabled output enable File: /home/taualpha/card-writing-lab/minimal02-s1/src/fpga/apf/apf_top.v Line: 65
    Info (169065): Pin cart_tran_bank1[4] has a permanently disabled output enable File: /home/taualpha/card-writing-lab/minimal02-s1/src/fpga/apf/apf_top.v Line: 65
    Info (169065): Pin cart_tran_bank1[5] has a permanently disabled output enable File: /home/taualpha/card-writing-lab/minimal02-s1/src/fpga/apf/apf_top.v Line: 65
    Info (169065): Pin cart_tran_bank1[6] has a permanently disabled output enable File: /home/taualpha/card-writing-lab/minimal02-s1/src/fpga/apf/apf_top.v Line: 65
    Info (169065): Pin cart_tran_bank1[7] has a permanently disabled output enable File: /home/taualpha/card-writing-lab/minimal02-s1/src/fpga/apf/apf_top.v Line: 65
    Info (169065): Pin cart_tran_bank0[4] has a permanently enabled output enable File: /home/taualpha/card-writing-lab/minimal02-s1/src/fpga/apf/apf_top.v Line: 73
    Info (169065): Pin cart_tran_bank0[5] has a permanently enabled output enable File: /home/taualpha/card-writing-lab/minimal02-s1/src/fpga/apf/apf_top.v Line: 73
    Info (169065): Pin cart_tran_bank0[6] has a permanently enabled output enable File: /home/taualpha/card-writing-lab/minimal02-s1/src/fpga/apf/apf_top.v Line: 73
    Info (169065): Pin cart_tran_bank0[7] has a permanently enabled output enable File: /home/taualpha/card-writing-lab/minimal02-s1/src/fpga/apf/apf_top.v Line: 73
    Info (169065): Pin cart_tran_pin30 has a permanently enabled output enable File: /home/taualpha/card-writing-lab/minimal02-s1/src/fpga/apf/apf_top.v Line: 77
    Info (169065): Pin cart_tran_pin31 has a permanently disabled output enable File: /home/taualpha/card-writing-lab/minimal02-s1/src/fpga/apf/apf_top.v Line: 86
    Info (169065): Pin port_tran_si has a permanently disabled output enable File: /home/taualpha/card-writing-lab/minimal02-s1/src/fpga/apf/apf_top.v Line: 96
    Info (169065): Pin port_tran_so has a permanently disabled output enable File: /home/taualpha/card-writing-lab/minimal02-s1/src/fpga/apf/apf_top.v Line: 98
    Info (169065): Pin port_tran_sck has a permanently disabled output enable File: /home/taualpha/card-writing-lab/minimal02-s1/src/fpga/apf/apf_top.v Line: 100
    Info (169065): Pin port_tran_sd has a permanently disabled output enable File: /home/taualpha/card-writing-lab/minimal02-s1/src/fpga/apf/apf_top.v Line: 102
    Info (169065): Pin scal_vid[0] has a permanently enabled output enable File: /home/taualpha/card-writing-lab/minimal02-s1/src/fpga/apf/apf_top.v Line: 108
    Info (169065): Pin scal_vid[1] has a permanently enabled output enable File: /home/taualpha/card-writing-lab/minimal02-s1/src/fpga/apf/apf_top.v Line: 108
    Info (169065): Pin scal_vid[2] has a permanently enabled output enable File: /home/taualpha/card-writing-lab/minimal02-s1/src/fpga/apf/apf_top.v Line: 108
    Info (169065): Pin scal_vid[3] has a permanently enabled output enable File: /home/taualpha/card-writing-lab/minimal02-s1/src/fpga/apf/apf_top.v Line: 108
    Info (169065): Pin scal_vid[4] has a permanently enabled output enable File: /home/taualpha/card-writing-lab/minimal02-s1/src/fpga/apf/apf_top.v Line: 108
    Info (169065): Pin scal_vid[5] has a permanently enabled output enable File: /home/taualpha/card-writing-lab/minimal02-s1/src/fpga/apf/apf_top.v Line: 108
    Info (169065): Pin scal_vid[6] has a permanently enabled output enable File: /home/taualpha/card-writing-lab/minimal02-s1/src/fpga/apf/apf_top.v Line: 108
    Info (169065): Pin scal_vid[7] has a permanently enabled output enable File: /home/taualpha/card-writing-lab/minimal02-s1/src/fpga/apf/apf_top.v Line: 108
    Info (169065): Pin scal_vid[8] has a permanently enabled output enable File: /home/taualpha/card-writing-lab/minimal02-s1/src/fpga/apf/apf_top.v Line: 108
    Info (169065): Pin scal_vid[9] has a permanently enabled output enable File: /home/taualpha/card-writing-lab/minimal02-s1/src/fpga/apf/apf_top.v Line: 108
    Info (169065): Pin scal_vid[10] has a permanently enabled output enable File: /home/taualpha/card-writing-lab/minimal02-s1/src/fpga/apf/apf_top.v Line: 108
    Info (169065): Pin scal_vid[11] has a permanently enabled output enable File: /home/taualpha/card-writing-lab/minimal02-s1/src/fpga/apf/apf_top.v Line: 108
    Info (169065): Pin scal_clk has a permanently enabled output enable File: /home/taualpha/card-writing-lab/minimal02-s1/src/fpga/apf/apf_top.v Line: 109
    Info (169065): Pin scal_de has a permanently enabled output enable File: /home/taualpha/card-writing-lab/minimal02-s1/src/fpga/apf/apf_top.v Line: 110
    Info (169065): Pin scal_skip has a permanently enabled output enable File: /home/taualpha/card-writing-lab/minimal02-s1/src/fpga/apf/apf_top.v Line: 111
    Info (169065): Pin scal_vs has a permanently enabled output enable File: /home/taualpha/card-writing-lab/minimal02-s1/src/fpga/apf/apf_top.v Line: 112
    Info (169065): Pin scal_hs has a permanently enabled output enable File: /home/taualpha/card-writing-lab/minimal02-s1/src/fpga/apf/apf_top.v Line: 113
    Info (169065): Pin cram0_dq[0] has a permanently disabled output enable File: /home/taualpha/card-writing-lab/minimal02-s1/src/fpga/apf/apf_top.v Line: 134
    Info (169065): Pin cram0_dq[1] has a permanently disabled output enable File: /home/taualpha/card-writing-lab/minimal02-s1/src/fpga/apf/apf_top.v Line: 134
    Info (169065): Pin cram0_dq[2] has a permanently disabled output enable File: /home/taualpha/card-writing-lab/minimal02-s1/src/fpga/apf/apf_top.v Line: 134
    Info (169065): Pin cram0_dq[3] has a permanently disabled output enable File: /home/taualpha/card-writing-lab/minimal02-s1/src/fpga/apf/apf_top.v Line: 134
    Info (169065): Pin cram0_dq[4] has a permanently disabled output enable File: /home/taualpha/card-writing-lab/minimal02-s1/src/fpga/apf/apf_top.v Line: 134
    Info (169065): Pin cram0_dq[5] has a permanently disabled output enable File: /home/taualpha/card-writing-lab/minimal02-s1/src/fpga/apf/apf_top.v Line: 134
    Info (169065): Pin cram0_dq[6] has a permanently disabled output enable File: /home/taualpha/card-writing-lab/minimal02-s1/src/fpga/apf/apf_top.v Line: 134
    Info (169065): Pin cram0_dq[7] has a permanently disabled output enable File: /home/taualpha/card-writing-lab/minimal02-s1/src/fpga/apf/apf_top.v Line: 134
    Info (169065): Pin cram0_dq[8] has a permanently disabled output enable File: /home/taualpha/card-writing-lab/minimal02-s1/src/fpga/apf/apf_top.v Line: 134
    Info (169065): Pin cram0_dq[9] has a permanently disabled output enable File: /home/taualpha/card-writing-lab/minimal02-s1/src/fpga/apf/apf_top.v Line: 134
    Info (169065): Pin cram0_dq[10] has a permanently disabled output enable File: /home/taualpha/card-writing-lab/minimal02-s1/src/fpga/apf/apf_top.v Line: 134
    Info (169065): Pin cram0_dq[11] has a permanently disabled output enable File: /home/taualpha/card-writing-lab/minimal02-s1/src/fpga/apf/apf_top.v Line: 134
    Info (169065): Pin cram0_dq[12] has a permanently disabled output enable File: /home/taualpha/card-writing-lab/minimal02-s1/src/fpga/apf/apf_top.v Line: 134
    Info (169065): Pin cram0_dq[13] has a permanently disabled output enable File: /home/taualpha/card-writing-lab/minimal02-s1/src/fpga/apf/apf_top.v Line: 134
    Info (169065): Pin cram0_dq[14] has a permanently disabled output enable File: /home/taualpha/card-writing-lab/minimal02-s1/src/fpga/apf/apf_top.v Line: 134
    Info (169065): Pin cram0_dq[15] has a permanently disabled output enable File: /home/taualpha/card-writing-lab/minimal02-s1/src/fpga/apf/apf_top.v Line: 134
    Info (169065): Pin cram1_dq[0] has a permanently disabled output enable File: /home/taualpha/card-writing-lab/minimal02-s1/src/fpga/apf/apf_top.v Line: 147
    Info (169065): Pin cram1_dq[1] has a permanently disabled output enable File: /home/taualpha/card-writing-lab/minimal02-s1/src/fpga/apf/apf_top.v Line: 147
    Info (169065): Pin cram1_dq[2] has a permanently disabled output enable File: /home/taualpha/card-writing-lab/minimal02-s1/src/fpga/apf/apf_top.v Line: 147
    Info (169065): Pin cram1_dq[3] has a permanently disabled output enable File: /home/taualpha/card-writing-lab/minimal02-s1/src/fpga/apf/apf_top.v Line: 147
    Info (169065): Pin cram1_dq[4] has a permanently disabled output enable File: /home/taualpha/card-writing-lab/minimal02-s1/src/fpga/apf/apf_top.v Line: 147
    Info (169065): Pin cram1_dq[5] has a permanently disabled output enable File: /home/taualpha/card-writing-lab/minimal02-s1/src/fpga/apf/apf_top.v Line: 147
    Info (169065): Pin cram1_dq[6] has a permanently disabled output enable File: /home/taualpha/card-writing-lab/minimal02-s1/src/fpga/apf/apf_top.v Line: 147
    Info (169065): Pin cram1_dq[7] has a permanently disabled output enable File: /home/taualpha/card-writing-lab/minimal02-s1/src/fpga/apf/apf_top.v Line: 147
    Info (169065): Pin cram1_dq[8] has a permanently disabled output enable File: /home/taualpha/card-writing-lab/minimal02-s1/src/fpga/apf/apf_top.v Line: 147
    Info (169065): Pin cram1_dq[9] has a permanently disabled output enable File: /home/taualpha/card-writing-lab/minimal02-s1/src/fpga/apf/apf_top.v Line: 147
    Info (169065): Pin cram1_dq[10] has a permanently disabled output enable File: /home/taualpha/card-writing-lab/minimal02-s1/src/fpga/apf/apf_top.v Line: 147
    Info (169065): Pin cram1_dq[11] has a permanently disabled output enable File: /home/taualpha/card-writing-lab/minimal02-s1/src/fpga/apf/apf_top.v Line: 147
    Info (169065): Pin cram1_dq[12] has a permanently disabled output enable File: /home/taualpha/card-writing-lab/minimal02-s1/src/fpga/apf/apf_top.v Line: 147
    Info (169065): Pin cram1_dq[13] has a permanently disabled output enable File: /home/taualpha/card-writing-lab/minimal02-s1/src/fpga/apf/apf_top.v Line: 147
    Info (169065): Pin cram1_dq[14] has a permanently disabled output enable File: /home/taualpha/card-writing-lab/minimal02-s1/src/fpga/apf/apf_top.v Line: 147
    Info (169065): Pin cram1_dq[15] has a permanently disabled output enable File: /home/taualpha/card-writing-lab/minimal02-s1/src/fpga/apf/apf_top.v Line: 147
    Info (169065): Pin dram_dq[0] has a permanently disabled output enable File: /home/taualpha/card-writing-lab/minimal02-s1/src/fpga/apf/apf_top.v Line: 164
    Info (169065): Pin dram_dq[1] has a permanently disabled output enable File: /home/taualpha/card-writing-lab/minimal02-s1/src/fpga/apf/apf_top.v Line: 164
    Info (169065): Pin dram_dq[2] has a permanently disabled output enable File: /home/taualpha/card-writing-lab/minimal02-s1/src/fpga/apf/apf_top.v Line: 164
    Info (169065): Pin dram_dq[3] has a permanently disabled output enable File: /home/taualpha/card-writing-lab/minimal02-s1/src/fpga/apf/apf_top.v Line: 164
    Info (169065): Pin dram_dq[4] has a permanently disabled output enable File: /home/taualpha/card-writing-lab/minimal02-s1/src/fpga/apf/apf_top.v Line: 164
    Info (169065): Pin dram_dq[5] has a permanently disabled output enable File: /home/taualpha/card-writing-lab/minimal02-s1/src/fpga/apf/apf_top.v Line: 164
    Info (169065): Pin dram_dq[6] has a permanently disabled output enable File: /home/taualpha/card-writing-lab/minimal02-s1/src/fpga/apf/apf_top.v Line: 164
    Info (169065): Pin dram_dq[7] has a permanently disabled output enable File: /home/taualpha/card-writing-lab/minimal02-s1/src/fpga/apf/apf_top.v Line: 164
    Info (169065): Pin dram_dq[8] has a permanently disabled output enable File: /home/taualpha/card-writing-lab/minimal02-s1/src/fpga/apf/apf_top.v Line: 164
    Info (169065): Pin dram_dq[9] has a permanently disabled output enable File: /home/taualpha/card-writing-lab/minimal02-s1/src/fpga/apf/apf_top.v Line: 164
    Info (169065): Pin dram_dq[10] has a permanently disabled output enable File: /home/taualpha/card-writing-lab/minimal02-s1/src/fpga/apf/apf_top.v Line: 164
    Info (169065): Pin dram_dq[11] has a permanently disabled output enable File: /home/taualpha/card-writing-lab/minimal02-s1/src/fpga/apf/apf_top.v Line: 164
    Info (169065): Pin dram_dq[12] has a permanently disabled output enable File: /home/taualpha/card-writing-lab/minimal02-s1/src/fpga/apf/apf_top.v Line: 164
    Info (169065): Pin dram_dq[13] has a permanently disabled output enable File: /home/taualpha/card-writing-lab/minimal02-s1/src/fpga/apf/apf_top.v Line: 164
    Info (169065): Pin dram_dq[14] has a permanently disabled output enable File: /home/taualpha/card-writing-lab/minimal02-s1/src/fpga/apf/apf_top.v Line: 164
    Info (169065): Pin dram_dq[15] has a permanently disabled output enable File: /home/taualpha/card-writing-lab/minimal02-s1/src/fpga/apf/apf_top.v Line: 164
    Info (169065): Pin sram_dq[0] has a permanently disabled output enable File: /home/taualpha/card-writing-lab/minimal02-s1/src/fpga/apf/apf_top.v Line: 176
    Info (169065): Pin sram_dq[1] has a permanently disabled output enable File: /home/taualpha/card-writing-lab/minimal02-s1/src/fpga/apf/apf_top.v Line: 176
    Info (169065): Pin sram_dq[2] has a permanently disabled output enable File: /home/taualpha/card-writing-lab/minimal02-s1/src/fpga/apf/apf_top.v Line: 176
    Info (169065): Pin sram_dq[3] has a permanently disabled output enable File: /home/taualpha/card-writing-lab/minimal02-s1/src/fpga/apf/apf_top.v Line: 176
    Info (169065): Pin sram_dq[4] has a permanently disabled output enable File: /home/taualpha/card-writing-lab/minimal02-s1/src/fpga/apf/apf_top.v Line: 176
    Info (169065): Pin sram_dq[5] has a permanently disabled output enable File: /home/taualpha/card-writing-lab/minimal02-s1/src/fpga/apf/apf_top.v Line: 176
    Info (169065): Pin sram_dq[6] has a permanently disabled output enable File: /home/taualpha/card-writing-lab/minimal02-s1/src/fpga/apf/apf_top.v Line: 176
    Info (169065): Pin sram_dq[7] has a permanently disabled output enable File: /home/taualpha/card-writing-lab/minimal02-s1/src/fpga/apf/apf_top.v Line: 176
    Info (169065): Pin sram_dq[8] has a permanently disabled output enable File: /home/taualpha/card-writing-lab/minimal02-s1/src/fpga/apf/apf_top.v Line: 176
    Info (169065): Pin sram_dq[9] has a permanently disabled output enable File: /home/taualpha/card-writing-lab/minimal02-s1/src/fpga/apf/apf_top.v Line: 176
    Info (169065): Pin sram_dq[10] has a permanently disabled output enable File: /home/taualpha/card-writing-lab/minimal02-s1/src/fpga/apf/apf_top.v Line: 176
    Info (169065): Pin sram_dq[11] has a permanently disabled output enable File: /home/taualpha/card-writing-lab/minimal02-s1/src/fpga/apf/apf_top.v Line: 176
    Info (169065): Pin sram_dq[12] has a permanently disabled output enable File: /home/taualpha/card-writing-lab/minimal02-s1/src/fpga/apf/apf_top.v Line: 176
    Info (169065): Pin sram_dq[13] has a permanently disabled output enable File: /home/taualpha/card-writing-lab/minimal02-s1/src/fpga/apf/apf_top.v Line: 176
    Info (169065): Pin sram_dq[14] has a permanently disabled output enable File: /home/taualpha/card-writing-lab/minimal02-s1/src/fpga/apf/apf_top.v Line: 176
    Info (169065): Pin sram_dq[15] has a permanently disabled output enable File: /home/taualpha/card-writing-lab/minimal02-s1/src/fpga/apf/apf_top.v Line: 176
    Info (169065): Pin bist has a permanently disabled output enable File: /home/taualpha/card-writing-lab/minimal02-s1/src/fpga/apf/apf_top.v Line: 202
    Info (169065): Pin aux_sda has a permanently disabled output enable File: /home/taualpha/card-writing-lab/minimal02-s1/src/fpga/apf/apf_top.v Line: 208
Info (144001): Generated suppressed messages file /home/taualpha/card-writing-lab/minimal02-s1/src/fpga/output_files/ap_core.fit.smsg
Info: Quartus Prime Fitter was successful. 0 errors, 7 warnings
    Info: Peak virtual memory: 1759 megabytes
    Info: Processing ended: Mon Oct  5 00:05:14 2026
    Info: Elapsed time: 00:10:25
    Info: Total CPU time (on all processors): 00:14:53
Info: *******************************************************************
Info: Running Quartus Prime Assembler
    Info: Version 25.1std.0 Build 1129 10/21/2025 SC Lite Edition
    Info: Processing started: Mon Oct  5 00:05:23 2026
Info: Command: quartus_asm --read_settings_files=off --write_settings_files=off ap_core -c ap_core
Info (115030): Assembler is generating device programming files
Warning (12914): The file, /home/taualpha/card-writing-lab/minimal02-s1/src/fpga/db/stp1_auto_stripped.stp, is not embedded into sof file as expected.  Some tools, such as System Console, may not function fully.
Info: Quartus Prime Assembler was successful. 0 errors, 1 warning
    Info: Peak virtual memory: 535 megabytes
    Info: Processing ended: Mon Oct  5 00:06:02 2026
    Info: Elapsed time: 00:00:39
    Info: Total CPU time (on all processors): 00:00:39
Info (293026): Skipped module Power Analyzer due to the assignment FLOW_ENABLE_POWER_ANALYZER
Info: *******************************************************************
Info: Running Quartus Prime Timing Analyzer
    Info: Version 25.1std.0 Build 1129 10/21/2025 SC Lite Edition
    Info: Processing started: Mon Oct  5 00:06:06 2026
Info: Command: quartus_sta ap_core -c ap_core
Info: qsta_default_script.tcl version: #1
Info (20032): Parallel compilation is enabled and will use up to 2 processors
Info (21077): Low junction temperature is 0 degrees C
Info (21077): High junction temperature is 85 degrees C
Info (332104): Reading SDC File: 'apf/apf_constraints.sdc'
Info (332110): Deriving PLL clocks
    Info (332110): create_generated_clock -source {ic|mp1|mf_pllbase_inst|altera_pll_i|general[0].gpll~FRACTIONAL_PLL|refclkin} -divide_by 512 -multiply_by 4153 -duty_cycle 50.00 -name {ic|mp1|mf_pllbase_inst|altera_pll_i|general[0].gpll~FRACTIONAL_PLL|vcoph[0]} {ic|mp1|mf_pllbase_inst|altera_pll_i|general[0].gpll~FRACTIONAL_PLL|vcoph[0]}
    Info (332110): create_generated_clock -source {ic|mp1|mf_pllbase_inst|altera_pll_i|general[0].gpll~PLL_OUTPUT_COUNTER|vco0ph[0]} -divide_by 49 -duty_cycle 50.00 -name {ic|mp1|mf_pllbase_inst|altera_pll_i|general[0].gpll~PLL_OUTPUT_COUNTER|divclk} {ic|mp1|mf_pllbase_inst|altera_pll_i|general[0].gpll~PLL_OUTPUT_COUNTER|divclk}
    Info (332110): create_generated_clock -source {ic|mp1|mf_pllbase_inst|altera_pll_i|general[1].gpll~PLL_OUTPUT_COUNTER|vco0ph[0]} -divide_by 49 -phase 90.00 -duty_cycle 50.00 -name {ic|mp1|mf_pllbase_inst|altera_pll_i|general[1].gpll~PLL_OUTPUT_COUNTER|divclk} {ic|mp1|mf_pllbase_inst|altera_pll_i|general[1].gpll~PLL_OUTPUT_COUNTER|divclk}
Info (332104): Reading SDC File: 'core/core_constraints.sdc'
Info (332097): The following timing edges are non-unate.  The Timing Analyzer will assume pos-unate behavior for these edges in the clock network.
    Info (332098): Cell: ic|mp1|mf_pllbase_inst|altera_pll_i|general[0].gpll~FRACTIONAL_PLL  from: refclkin  to: fbclk
    Info (332098): Cell: ic|mp1|mf_pllbase_inst|altera_pll_i|general[0].gpll~PLL_OUTPUT_COUNTER  from: vco0ph[0]  to: divclk
    Info (332098): Cell: ic|mp1|mf_pllbase_inst|altera_pll_i|general[0].gpll~PLL_REFCLK_SELECT  from: clkin[0]  to: clkout
    Info (332098): Cell: ic|mp1|mf_pllbase_inst|altera_pll_i|general[1].gpll~PLL_OUTPUT_COUNTER  from: vco0ph[0]  to: divclk
Info (332143): No user constrained clock uncertainty found in the design. Calling "derive_clock_uncertainty"
Info (332123): Deriving Clock Uncertainty. Please refer to report_sdc in the Timing Analyzer to see clock uncertainties.
Info: Found TIMING_ANALYZER_REPORT_SCRIPT_INCLUDE_DEFAULT_ANALYSIS = ON
Info: Analyzing Slow 1100mV 85C Model
Info (332146): Worst-case setup slack is 4.169
    Info (332119):     Slack       End Point TNS Clock 
    Info (332119): ========= =================== =====================
    Info (332119):     4.169               0.000 clk_74a 
    Info (332119):     7.283               0.000 bridge_spiclk 
    Info (332119):    31.263               0.000 ic|mp1|mf_pllbase_inst|altera_pll_i|general[0].gpll~PLL_OUTPUT_COUNTER|divclk 
Info (332146): Worst-case hold slack is 0.357
    Info (332119):     Slack       End Point TNS Clock 
    Info (332119): ========= =================== =====================
    Info (332119):     0.357               0.000 clk_74a 
    Info (332119):     0.512               0.000 ic|mp1|mf_pllbase_inst|altera_pll_i|general[0].gpll~PLL_OUTPUT_COUNTER|divclk 
    Info (332119):     0.527               0.000 bridge_spiclk 
Info (332140): No Recovery paths to report
Info (332140): No Removal paths to report
Info (332146): Worst-case minimum pulse width slack is 0.830
    Info (332119):     Slack       End Point TNS Clock 
    Info (332119): ========= =================== =====================
    Info (332119):     0.830               0.000 ic|mp1|mf_pllbase_inst|altera_pll_i|general[0].gpll~FRACTIONAL_PLL|vcoph[0] 
    Info (332119):     5.403               0.000 clk_74a 
    Info (332119):     5.856               0.000 bridge_spiclk 
    Info (332119):    39.119               0.000 ic|mp1|mf_pllbase_inst|altera_pll_i|general[0].gpll~PLL_OUTPUT_COUNTER|divclk 
    Info (332119):    39.618               0.000 ic|mp1|mf_pllbase_inst|altera_pll_i|general[1].gpll~PLL_OUTPUT_COUNTER|divclk 
Info (332114): Report Metastability: Found 11 synchronizer chains.
    Info (332114): The design MTBF is not calculated because there are no specified synchronizers in the design.
    Info (332114): Number of Synchronizer Chains Found: 11
    Info (332114): Shortest Synchronizer Chain: 2 Registers
    Info (332114): Fraction of Chains for which MTBFs Could Not be Calculated: 1.000
    Info (332114): Worst Case Available Settling Time: 21.743 ns
Info: Analyzing Slow 1100mV 0C Model
Info (334003): Started post-fitting delay annotation
Info (334004): Delay annotation completed successfully
Info (332097): The following timing edges are non-unate.  The Timing Analyzer will assume pos-unate behavior for these edges in the clock network.
    Info (332098): Cell: ic|mp1|mf_pllbase_inst|altera_pll_i|general[0].gpll~FRACTIONAL_PLL  from: refclkin  to: fbclk
    Info (332098): Cell: ic|mp1|mf_pllbase_inst|altera_pll_i|general[0].gpll~PLL_OUTPUT_COUNTER  from: vco0ph[0]  to: divclk
    Info (332098): Cell: ic|mp1|mf_pllbase_inst|altera_pll_i|general[0].gpll~PLL_REFCLK_SELECT  from: clkin[0]  to: clkout
    Info (332098): Cell: ic|mp1|mf_pllbase_inst|altera_pll_i|general[1].gpll~PLL_OUTPUT_COUNTER  from: vco0ph[0]  to: divclk
Info (332123): Deriving Clock Uncertainty. Please refer to report_sdc in the Timing Analyzer to see clock uncertainties.
Info (332146): Worst-case setup slack is 4.252
    Info (332119):     Slack       End Point TNS Clock 
    Info (332119): ========= =================== =====================
    Info (332119):     4.252               0.000 clk_74a 
    Info (332119):     7.653               0.000 bridge_spiclk 
    Info (332119):    28.866               0.000 ic|mp1|mf_pllbase_inst|altera_pll_i|general[0].gpll~PLL_OUTPUT_COUNTER|divclk 
Info (332146): Worst-case hold slack is 0.346
    Info (332119):     Slack       End Point TNS Clock 
    Info (332119): ========= =================== =====================
    Info (332119):     0.346               0.000 clk_74a 
    Info (332119):     0.530               0.000 ic|mp1|mf_pllbase_inst|altera_pll_i|general[0].gpll~PLL_OUTPUT_COUNTER|divclk 
    Info (332119):     0.545               0.000 bridge_spiclk 
Info (332140): No Recovery paths to report
Info (332140): No Removal paths to report
Info (332146): Worst-case minimum pulse width slack is 0.830
    Info (332119):     Slack       End Point TNS Clock 
    Info (332119): ========= =================== =====================
    Info (332119):     0.830               0.000 ic|mp1|mf_pllbase_inst|altera_pll_i|general[0].gpll~FRACTIONAL_PLL|vcoph[0] 
    Info (332119):     5.294               0.000 clk_74a 
    Info (332119):     5.824               0.000 bridge_spiclk 
    Info (332119):    39.046               0.000 ic|mp1|mf_pllbase_inst|altera_pll_i|general[0].gpll~PLL_OUTPUT_COUNTER|divclk 
    Info (332119):    39.552               0.000 ic|mp1|mf_pllbase_inst|altera_pll_i|general[1].gpll~PLL_OUTPUT_COUNTER|divclk 
Info (332114): Report Metastability: Found 11 synchronizer chains.
    Info (332114): The design MTBF is not calculated because there are no specified synchronizers in the design.
    Info (332114): Number of Synchronizer Chains Found: 11
    Info (332114): Shortest Synchronizer Chain: 2 Registers
    Info (332114): Fraction of Chains for which MTBFs Could Not be Calculated: 1.000
    Info (332114): Worst Case Available Settling Time: 21.686 ns
Info: Analyzing Fast 1100mV 85C Model
Info (334003): Started post-fitting delay annotation
Info (334004): Delay annotation completed successfully
Info (332097): The following timing edges are non-unate.  The Timing Analyzer will assume pos-unate behavior for these edges in the clock network.
    Info (332098): Cell: ic|mp1|mf_pllbase_inst|altera_pll_i|general[0].gpll~FRACTIONAL_PLL  from: refclkin  to: fbclk
    Info (332098): Cell: ic|mp1|mf_pllbase_inst|altera_pll_i|general[0].gpll~PLL_OUTPUT_COUNTER  from: vco0ph[0]  to: divclk
    Info (332098): Cell: ic|mp1|mf_pllbase_inst|altera_pll_i|general[0].gpll~PLL_REFCLK_SELECT  from: clkin[0]  to: clkout
    Info (332098): Cell: ic|mp1|mf_pllbase_inst|altera_pll_i|general[1].gpll~PLL_OUTPUT_COUNTER  from: vco0ph[0]  to: divclk
Info (332123): Deriving Clock Uncertainty. Please refer to report_sdc in the Timing Analyzer to see clock uncertainties.
Info (332146): Worst-case setup slack is 8.573
    Info (332119):     Slack       End Point TNS Clock 
    Info (332119): ========= =================== =====================
    Info (332119):     8.573               0.000 clk_74a 
    Info (332119):    10.210               0.000 bridge_spiclk 
    Info (332119):    61.154               0.000 ic|mp1|mf_pllbase_inst|altera_pll_i|general[0].gpll~PLL_OUTPUT_COUNTER|divclk 
Info (332146): Worst-case hold slack is 0.165
    Info (332119):     Slack       End Point TNS Clock 
    Info (332119): ========= =================== =====================
    Info (332119):     0.165               0.000 clk_74a 
    Info (332119):     0.185               0.000 ic|mp1|mf_pllbase_inst|altera_pll_i|general[0].gpll~PLL_OUTPUT_COUNTER|divclk 
    Info (332119):     0.186               0.000 bridge_spiclk 
Info (332140): No Recovery paths to report
Info (332140): No Removal paths to report
Info (332146): Worst-case minimum pulse width slack is 0.830
    Info (332119):     Slack       End Point TNS Clock 
    Info (332119): ========= =================== =====================
    Info (332119):     0.830               0.000 ic|mp1|mf_pllbase_inst|altera_pll_i|general[0].gpll~FRACTIONAL_PLL|vcoph[0] 
    Info (332119):     5.207               0.000 clk_74a 
    Info (332119):     6.370               0.000 bridge_spiclk 
    Info (332119):    39.565               0.000 ic|mp1|mf_pllbase_inst|altera_pll_i|general[0].gpll~PLL_OUTPUT_COUNTER|divclk 
    Info (332119):    40.192               0.000 ic|mp1|mf_pllbase_inst|altera_pll_i|general[1].gpll~PLL_OUTPUT_COUNTER|divclk 
Info (332114): Report Metastability: Found 11 synchronizer chains.
    Info (332114): The design MTBF is not calculated because there are no specified synchronizers in the design.
    Info (332114): Number of Synchronizer Chains Found: 11
    Info (332114): Shortest Synchronizer Chain: 2 Registers
    Info (332114): Fraction of Chains for which MTBFs Could Not be Calculated: 1.000
    Info (332114): Worst Case Available Settling Time: 24.551 ns
Info: Analyzing Fast 1100mV 0C Model
Info (332097): The following timing edges are non-unate.  The Timing Analyzer will assume pos-unate behavior for these edges in the clock network.
    Info (332098): Cell: ic|mp1|mf_pllbase_inst|altera_pll_i|general[0].gpll~FRACTIONAL_PLL  from: refclkin  to: fbclk
    Info (332098): Cell: ic|mp1|mf_pllbase_inst|altera_pll_i|general[0].gpll~PLL_OUTPUT_COUNTER  from: vco0ph[0]  to: divclk
    Info (332098): Cell: ic|mp1|mf_pllbase_inst|altera_pll_i|general[0].gpll~PLL_REFCLK_SELECT  from: clkin[0]  to: clkout
    Info (332098): Cell: ic|mp1|mf_pllbase_inst|altera_pll_i|general[1].gpll~PLL_OUTPUT_COUNTER  from: vco0ph[0]  to: divclk
Info (332123): Deriving Clock Uncertainty. Please refer to report_sdc in the Timing Analyzer to see clock uncertainties.
Info (332146): Worst-case setup slack is 9.122
    Info (332119):     Slack       End Point TNS Clock 
    Info (332119): ========= =================== =====================
    Info (332119):     9.122               0.000 clk_74a 
    Info (332119):    10.619               0.000 bridge_spiclk 
    Info (332119):    62.536               0.000 ic|mp1|mf_pllbase_inst|altera_pll_i|general[0].gpll~PLL_OUTPUT_COUNTER|divclk 
Info (332146): Worst-case hold slack is 0.150
    Info (332119):     Slack       End Point TNS Clock 
    Info (332119): ========= =================== =====================
    Info (332119):     0.150               0.000 clk_74a 
    Info (332119):     0.175               0.000 bridge_spiclk 
    Info (332119):     0.177               0.000 ic|mp1|mf_pllbase_inst|altera_pll_i|general[0].gpll~PLL_OUTPUT_COUNTER|divclk 
Info (332140): No Recovery paths to report
Info (332140): No Removal paths to report
Info (332146): Worst-case minimum pulse width slack is 0.830
    Info (332119):     Slack       End Point TNS Clock 
    Info (332119): ========= =================== =====================
    Info (332119):     0.830               0.000 ic|mp1|mf_pllbase_inst|altera_pll_i|general[0].gpll~FRACTIONAL_PLL|vcoph[0] 
    Info (332119):     5.159               0.000 clk_74a 
    Info (332119):     6.382               0.000 bridge_spiclk 
    Info (332119):    39.567               0.000 ic|mp1|mf_pllbase_inst|altera_pll_i|general[0].gpll~PLL_OUTPUT_COUNTER|divclk 
    Info (332119):    40.195               0.000 ic|mp1|mf_pllbase_inst|altera_pll_i|general[1].gpll~PLL_OUTPUT_COUNTER|divclk 
Info (332114): Report Metastability: Found 11 synchronizer chains.
    Info (332114): The design MTBF is not calculated because there are no specified synchronizers in the design.
    Info (332114): Number of Synchronizer Chains Found: 11
    Info (332114): Shortest Synchronizer Chain: 2 Registers
    Info (332114): Fraction of Chains for which MTBFs Could Not be Calculated: 1.000
    Info (332114): Worst Case Available Settling Time: 24.772 ns
Info (332102): Design is not fully constrained for setup requirements
Info (332102): Design is not fully constrained for hold requirements
Info: Quartus Prime Timing Analyzer was successful. 0 errors, 0 warnings
    Info: Peak virtual memory: 1150 megabytes
    Info: Processing ended: Mon Oct  5 00:08:27 2026
    Info: Elapsed time: 00:02:21
    Info: Total CPU time (on all processors): 00:03:09
Info (293000): Quartus Prime Full Compilation was successful. 0 errors, 162 warnings
Info (23030): Evaluation of Tcl script /home/taualpha/intelFPGA_lite/25.1std/quartus/common/tcl/internal/qsh_flow.tcl was successful
Info: Quartus Prime Shell was successful. 0 errors, 162 warnings
    Info: Peak virtual memory: 459 megabytes
    Info: Processing ended: Mon Oct  5 00:08:28 2026
    Info: Elapsed time: 00:17:25
    Info: Total CPU time (on all processors): 00:23:45
