------------------------------------------------------------
Timing Analyzer Summary
------------------------------------------------------------

Type  : Slow 1100mV 85C Model Setup 'clk_74a'
Slack : 3.052
TNS   : 0.000

Type  : Slow 1100mV 85C Model Setup 'bridge_spiclk'
Slack : 9.255
TNS   : 0.000

Type  : Slow 1100mV 85C Model Setup 'altera_reserved_tck'
Slack : 10.295
TNS   : 0.000

Type  : Slow 1100mV 85C Model Setup 'ic|mp1|mf_pllbase_inst|altera_pll_i|general[0].gpll~PLL_OUTPUT_COUNTER|divclk'
Slack : 30.987
TNS   : 0.000

Type  : Slow 1100mV 85C Model Hold 'clk_74a'
Slack : 0.382
TNS   : 0.000

Type  : Slow 1100mV 85C Model Hold 'altera_reserved_tck'
Slack : 0.475
TNS   : 0.000

Type  : Slow 1100mV 85C Model Hold 'bridge_spiclk'
Slack : 0.548
TNS   : 0.000

Type  : Slow 1100mV 85C Model Hold 'ic|mp1|mf_pllbase_inst|altera_pll_i|general[0].gpll~PLL_OUTPUT_COUNTER|divclk'
Slack : 0.554
TNS   : 0.000

Type  : Slow 1100mV 85C Model Recovery 'altera_reserved_tck'
Slack : 26.610
TNS   : 0.000

Type  : Slow 1100mV 85C Model Removal 'altera_reserved_tck'
Slack : 1.237
TNS   : 0.000

Type  : Slow 1100mV 85C Model Minimum Pulse Width 'ic|mp1|mf_pllbase_inst|altera_pll_i|general[0].gpll~FRACTIONAL_PLL|vcoph[0]'
Slack : 0.830
TNS   : 0.000

Type  : Slow 1100mV 85C Model Minimum Pulse Width 'clk_74a'
Slack : 5.390
TNS   : 0.000

Type  : Slow 1100mV 85C Model Minimum Pulse Width 'bridge_spiclk'
Slack : 5.940
TNS   : 0.000

Type  : Slow 1100mV 85C Model Minimum Pulse Width 'altera_reserved_tck'
Slack : 15.508
TNS   : 0.000

Type  : Slow 1100mV 85C Model Minimum Pulse Width 'ic|mp1|mf_pllbase_inst|altera_pll_i|general[0].gpll~PLL_OUTPUT_COUNTER|divclk'
Slack : 39.139
TNS   : 0.000

Type  : Slow 1100mV 85C Model Minimum Pulse Width 'ic|mp1|mf_pllbase_inst|altera_pll_i|general[1].gpll~PLL_OUTPUT_COUNTER|divclk'
Slack : 39.618
TNS   : 0.000

Type  : Slow 1100mV 0C Model Setup 'clk_74a'
Slack : 2.924
TNS   : 0.000

Type  : Slow 1100mV 0C Model Setup 'bridge_spiclk'
Slack : 9.372
TNS   : 0.000

Type  : Slow 1100mV 0C Model Setup 'altera_reserved_tck'
Slack : 10.576
TNS   : 0.000

Type  : Slow 1100mV 0C Model Setup 'ic|mp1|mf_pllbase_inst|altera_pll_i|general[0].gpll~PLL_OUTPUT_COUNTER|divclk'
Slack : 28.400
TNS   : 0.000

Type  : Slow 1100mV 0C Model Hold 'clk_74a'
Slack : 0.362
TNS   : 0.000

Type  : Slow 1100mV 0C Model Hold 'altera_reserved_tck'
Slack : 0.433
TNS   : 0.000

Type  : Slow 1100mV 0C Model Hold 'ic|mp1|mf_pllbase_inst|altera_pll_i|general[0].gpll~PLL_OUTPUT_COUNTER|divclk'
Slack : 0.547
TNS   : 0.000

Type  : Slow 1100mV 0C Model Hold 'bridge_spiclk'
Slack : 0.557
TNS   : 0.000

Type  : Slow 1100mV 0C Model Recovery 'altera_reserved_tck'
Slack : 26.779
TNS   : 0.000

Type  : Slow 1100mV 0C Model Removal 'altera_reserved_tck'
Slack : 1.159
TNS   : 0.000

Type  : Slow 1100mV 0C Model Minimum Pulse Width 'ic|mp1|mf_pllbase_inst|altera_pll_i|general[0].gpll~FRACTIONAL_PLL|vcoph[0]'
Slack : 0.830
TNS   : 0.000

Type  : Slow 1100mV 0C Model Minimum Pulse Width 'clk_74a'
Slack : 5.297
TNS   : 0.000

Type  : Slow 1100mV 0C Model Minimum Pulse Width 'bridge_spiclk'
Slack : 5.902
TNS   : 0.000

Type  : Slow 1100mV 0C Model Minimum Pulse Width 'altera_reserved_tck'
Slack : 15.493
TNS   : 0.000

Type  : Slow 1100mV 0C Model Minimum Pulse Width 'ic|mp1|mf_pllbase_inst|altera_pll_i|general[0].gpll~PLL_OUTPUT_COUNTER|divclk'
Slack : 39.067
TNS   : 0.000

Type  : Slow 1100mV 0C Model Minimum Pulse Width 'ic|mp1|mf_pllbase_inst|altera_pll_i|general[1].gpll~PLL_OUTPUT_COUNTER|divclk'
Slack : 39.552
TNS   : 0.000

Type  : Fast 1100mV 85C Model Setup 'clk_74a'
Slack : 8.026
TNS   : 0.000

Type  : Fast 1100mV 85C Model Setup 'bridge_spiclk'
Slack : 11.435
TNS   : 0.000

Type  : Fast 1100mV 85C Model Setup 'altera_reserved_tck'
Slack : 13.812
TNS   : 0.000

Type  : Fast 1100mV 85C Model Setup 'ic|mp1|mf_pllbase_inst|altera_pll_i|general[0].gpll~PLL_OUTPUT_COUNTER|divclk'
Slack : 61.820
TNS   : 0.000

Type  : Fast 1100mV 85C Model Hold 'altera_reserved_tck'
Slack : 0.144
TNS   : 0.000

Type  : Fast 1100mV 85C Model Hold 'clk_74a'
Slack : 0.173
TNS   : 0.000

Type  : Fast 1100mV 85C Model Hold 'bridge_spiclk'
Slack : 0.185
TNS   : 0.000

Type  : Fast 1100mV 85C Model Hold 'ic|mp1|mf_pllbase_inst|altera_pll_i|general[0].gpll~PLL_OUTPUT_COUNTER|divclk'
Slack : 0.188
TNS   : 0.000

Type  : Fast 1100mV 85C Model Recovery 'altera_reserved_tck'
Slack : 29.581
TNS   : 0.000

Type  : Fast 1100mV 85C Model Removal 'altera_reserved_tck'
Slack : 0.416
TNS   : 0.000

Type  : Fast 1100mV 85C Model Minimum Pulse Width 'ic|mp1|mf_pllbase_inst|altera_pll_i|general[0].gpll~FRACTIONAL_PLL|vcoph[0]'
Slack : 0.830
TNS   : 0.000

Type  : Fast 1100mV 85C Model Minimum Pulse Width 'clk_74a'
Slack : 5.210
TNS   : 0.000

Type  : Fast 1100mV 85C Model Minimum Pulse Width 'bridge_spiclk'
Slack : 6.354
TNS   : 0.000

Type  : Fast 1100mV 85C Model Minimum Pulse Width 'altera_reserved_tck'
Slack : 15.609
TNS   : 0.000

Type  : Fast 1100mV 85C Model Minimum Pulse Width 'ic|mp1|mf_pllbase_inst|altera_pll_i|general[0].gpll~PLL_OUTPUT_COUNTER|divclk'
Slack : 39.575
TNS   : 0.000

Type  : Fast 1100mV 85C Model Minimum Pulse Width 'ic|mp1|mf_pllbase_inst|altera_pll_i|general[1].gpll~PLL_OUTPUT_COUNTER|divclk'
Slack : 40.192
TNS   : 0.000

Type  : Fast 1100mV 0C Model Setup 'clk_74a'
Slack : 8.602
TNS   : 0.000

Type  : Fast 1100mV 0C Model Setup 'bridge_spiclk'
Slack : 11.676
TNS   : 0.000

Type  : Fast 1100mV 0C Model Setup 'altera_reserved_tck'
Slack : 14.160
TNS   : 0.000

Type  : Fast 1100mV 0C Model Setup 'ic|mp1|mf_pllbase_inst|altera_pll_i|general[0].gpll~PLL_OUTPUT_COUNTER|divclk'
Slack : 63.048
TNS   : 0.000

Type  : Fast 1100mV 0C Model Hold 'altera_reserved_tck'
Slack : 0.116
TNS   : 0.000

Type  : Fast 1100mV 0C Model Hold 'clk_74a'
Slack : 0.147
TNS   : 0.000

Type  : Fast 1100mV 0C Model Hold 'bridge_spiclk'
Slack : 0.177
TNS   : 0.000

Type  : Fast 1100mV 0C Model Hold 'ic|mp1|mf_pllbase_inst|altera_pll_i|general[0].gpll~PLL_OUTPUT_COUNTER|divclk'
Slack : 0.179
TNS   : 0.000

Type  : Fast 1100mV 0C Model Recovery 'altera_reserved_tck'
Slack : 29.977
TNS   : 0.000

Type  : Fast 1100mV 0C Model Removal 'altera_reserved_tck'
Slack : 0.372
TNS   : 0.000

Type  : Fast 1100mV 0C Model Minimum Pulse Width 'ic|mp1|mf_pllbase_inst|altera_pll_i|general[0].gpll~FRACTIONAL_PLL|vcoph[0]'
Slack : 0.830
TNS   : 0.000

Type  : Fast 1100mV 0C Model Minimum Pulse Width 'clk_74a'
Slack : 5.162
TNS   : 0.000

Type  : Fast 1100mV 0C Model Minimum Pulse Width 'bridge_spiclk'
Slack : 6.369
TNS   : 0.000

Type  : Fast 1100mV 0C Model Minimum Pulse Width 'altera_reserved_tck'
Slack : 15.663
TNS   : 0.000

Type  : Fast 1100mV 0C Model Minimum Pulse Width 'ic|mp1|mf_pllbase_inst|altera_pll_i|general[0].gpll~PLL_OUTPUT_COUNTER|divclk'
Slack : 39.573
TNS   : 0.000

Type  : Fast 1100mV 0C Model Minimum Pulse Width 'ic|mp1|mf_pllbase_inst|altera_pll_i|general[1].gpll~PLL_OUTPUT_COUNTER|divclk'
Slack : 40.195
TNS   : 0.000

------------------------------------------------------------
