------------------------------------------------------------
Timing Analyzer Summary
------------------------------------------------------------

Type  : Slow 1100mV 85C Model Setup 'clk_74a'
Slack : 3.428
TNS   : 0.000

Type  : Slow 1100mV 85C Model Setup 'bridge_spiclk'
Slack : 10.838
TNS   : 0.000

Type  : Slow 1100mV 85C Model Setup 'altera_reserved_tck'
Slack : 10.900
TNS   : 0.000

Type  : Slow 1100mV 85C Model Setup 'ic|mp1|mf_pllbase_inst|altera_pll_i|general[0].gpll~PLL_OUTPUT_COUNTER|divclk'
Slack : 28.959
TNS   : 0.000

Type  : Slow 1100mV 85C Model Hold 'clk_74a'
Slack : 0.298
TNS   : 0.000

Type  : Slow 1100mV 85C Model Hold 'bridge_spiclk'
Slack : 0.319
TNS   : 0.000

Type  : Slow 1100mV 85C Model Hold 'altera_reserved_tck'
Slack : 0.453
TNS   : 0.000

Type  : Slow 1100mV 85C Model Hold 'ic|mp1|mf_pllbase_inst|altera_pll_i|general[0].gpll~PLL_OUTPUT_COUNTER|divclk'
Slack : 0.538
TNS   : 0.000

Type  : Slow 1100mV 85C Model Recovery 'altera_reserved_tck'
Slack : 25.510
TNS   : 0.000

Type  : Slow 1100mV 85C Model Removal 'altera_reserved_tck'
Slack : 1.284
TNS   : 0.000

Type  : Slow 1100mV 85C Model Minimum Pulse Width 'ic|mp1|mf_pllbase_inst|altera_pll_i|general[0].gpll~FRACTIONAL_PLL|vcoph[0]'
Slack : 0.830
TNS   : 0.000

Type  : Slow 1100mV 85C Model Minimum Pulse Width 'clk_74a'
Slack : 5.390
TNS   : 0.000

Type  : Slow 1100mV 85C Model Minimum Pulse Width 'bridge_spiclk'
Slack : 5.934
TNS   : 0.000

Type  : Slow 1100mV 85C Model Minimum Pulse Width 'altera_reserved_tck'
Slack : 15.491
TNS   : 0.000

Type  : Slow 1100mV 85C Model Minimum Pulse Width 'ic|mp1|mf_pllbase_inst|altera_pll_i|general[0].gpll~PLL_OUTPUT_COUNTER|divclk'
Slack : 39.119
TNS   : 0.000

Type  : Slow 1100mV 85C Model Minimum Pulse Width 'ic|mp1|mf_pllbase_inst|altera_pll_i|general[1].gpll~PLL_OUTPUT_COUNTER|divclk'
Slack : 39.618
TNS   : 0.000

Type  : Slow 1100mV 0C Model Setup 'clk_74a'
Slack : 3.402
TNS   : 0.000

Type  : Slow 1100mV 0C Model Setup 'bridge_spiclk'
Slack : 11.002
TNS   : 0.000

Type  : Slow 1100mV 0C Model Setup 'altera_reserved_tck'
Slack : 11.151
TNS   : 0.000

Type  : Slow 1100mV 0C Model Setup 'ic|mp1|mf_pllbase_inst|altera_pll_i|general[0].gpll~PLL_OUTPUT_COUNTER|divclk'
Slack : 26.953
TNS   : 0.000

Type  : Slow 1100mV 0C Model Hold 'clk_74a'
Slack : 0.290
TNS   : 0.000

Type  : Slow 1100mV 0C Model Hold 'bridge_spiclk'
Slack : 0.310
TNS   : 0.000

Type  : Slow 1100mV 0C Model Hold 'altera_reserved_tck'
Slack : 0.417
TNS   : 0.000

Type  : Slow 1100mV 0C Model Hold 'ic|mp1|mf_pllbase_inst|altera_pll_i|general[0].gpll~PLL_OUTPUT_COUNTER|divclk'
Slack : 0.552
TNS   : 0.000

Type  : Slow 1100mV 0C Model Recovery 'altera_reserved_tck'
Slack : 25.756
TNS   : 0.000

Type  : Slow 1100mV 0C Model Removal 'altera_reserved_tck'
Slack : 1.201
TNS   : 0.000

Type  : Slow 1100mV 0C Model Minimum Pulse Width 'ic|mp1|mf_pllbase_inst|altera_pll_i|general[0].gpll~FRACTIONAL_PLL|vcoph[0]'
Slack : 0.830
TNS   : 0.000

Type  : Slow 1100mV 0C Model Minimum Pulse Width 'clk_74a'
Slack : 5.294
TNS   : 0.000

Type  : Slow 1100mV 0C Model Minimum Pulse Width 'bridge_spiclk'
Slack : 5.898
TNS   : 0.000

Type  : Slow 1100mV 0C Model Minimum Pulse Width 'altera_reserved_tck'
Slack : 15.481
TNS   : 0.000

Type  : Slow 1100mV 0C Model Minimum Pulse Width 'ic|mp1|mf_pllbase_inst|altera_pll_i|general[0].gpll~PLL_OUTPUT_COUNTER|divclk'
Slack : 39.054
TNS   : 0.000

Type  : Slow 1100mV 0C Model Minimum Pulse Width 'ic|mp1|mf_pllbase_inst|altera_pll_i|general[1].gpll~PLL_OUTPUT_COUNTER|divclk'
Slack : 39.552
TNS   : 0.000

Type  : Fast 1100mV 85C Model Setup 'clk_74a'
Slack : 8.322
TNS   : 0.000

Type  : Fast 1100mV 85C Model Setup 'bridge_spiclk'
Slack : 12.481
TNS   : 0.000

Type  : Fast 1100mV 85C Model Setup 'altera_reserved_tck'
Slack : 14.275
TNS   : 0.000

Type  : Fast 1100mV 85C Model Setup 'ic|mp1|mf_pllbase_inst|altera_pll_i|general[0].gpll~PLL_OUTPUT_COUNTER|divclk'
Slack : 60.341
TNS   : 0.000

Type  : Fast 1100mV 85C Model Hold 'altera_reserved_tck'
Slack : 0.131
TNS   : 0.000

Type  : Fast 1100mV 85C Model Hold 'clk_74a'
Slack : 0.145
TNS   : 0.000

Type  : Fast 1100mV 85C Model Hold 'bridge_spiclk'
Slack : 0.147
TNS   : 0.000

Type  : Fast 1100mV 85C Model Hold 'ic|mp1|mf_pllbase_inst|altera_pll_i|general[0].gpll~PLL_OUTPUT_COUNTER|divclk'
Slack : 0.185
TNS   : 0.000

Type  : Fast 1100mV 85C Model Recovery 'altera_reserved_tck'
Slack : 29.061
TNS   : 0.000

Type  : Fast 1100mV 85C Model Removal 'altera_reserved_tck'
Slack : 0.439
TNS   : 0.000

Type  : Fast 1100mV 85C Model Minimum Pulse Width 'ic|mp1|mf_pllbase_inst|altera_pll_i|general[0].gpll~FRACTIONAL_PLL|vcoph[0]'
Slack : 0.830
TNS   : 0.000

Type  : Fast 1100mV 85C Model Minimum Pulse Width 'clk_74a'
Slack : 5.203
TNS   : 0.000

Type  : Fast 1100mV 85C Model Minimum Pulse Width 'bridge_spiclk'
Slack : 6.356
TNS   : 0.000

Type  : Fast 1100mV 85C Model Minimum Pulse Width 'altera_reserved_tck'
Slack : 15.584
TNS   : 0.000

Type  : Fast 1100mV 85C Model Minimum Pulse Width 'ic|mp1|mf_pllbase_inst|altera_pll_i|general[0].gpll~PLL_OUTPUT_COUNTER|divclk'
Slack : 39.565
TNS   : 0.000

Type  : Fast 1100mV 85C Model Minimum Pulse Width 'ic|mp1|mf_pllbase_inst|altera_pll_i|general[1].gpll~PLL_OUTPUT_COUNTER|divclk'
Slack : 40.192
TNS   : 0.000

Type  : Fast 1100mV 0C Model Setup 'clk_74a'
Slack : 8.878
TNS   : 0.000

Type  : Fast 1100mV 0C Model Setup 'bridge_spiclk'
Slack : 12.585
TNS   : 0.000

Type  : Fast 1100mV 0C Model Setup 'altera_reserved_tck'
Slack : 14.545
TNS   : 0.000

Type  : Fast 1100mV 0C Model Setup 'ic|mp1|mf_pllbase_inst|altera_pll_i|general[0].gpll~PLL_OUTPUT_COUNTER|divclk'
Slack : 61.903
TNS   : 0.000

Type  : Fast 1100mV 0C Model Hold 'altera_reserved_tck'
Slack : 0.108
TNS   : 0.000

Type  : Fast 1100mV 0C Model Hold 'clk_74a'
Slack : 0.134
TNS   : 0.000

Type  : Fast 1100mV 0C Model Hold 'bridge_spiclk'
Slack : 0.136
TNS   : 0.000

Type  : Fast 1100mV 0C Model Hold 'ic|mp1|mf_pllbase_inst|altera_pll_i|general[0].gpll~PLL_OUTPUT_COUNTER|divclk'
Slack : 0.175
TNS   : 0.000

Type  : Fast 1100mV 0C Model Recovery 'altera_reserved_tck'
Slack : 29.526
TNS   : 0.000

Type  : Fast 1100mV 0C Model Removal 'altera_reserved_tck'
Slack : 0.377
TNS   : 0.000

Type  : Fast 1100mV 0C Model Minimum Pulse Width 'ic|mp1|mf_pllbase_inst|altera_pll_i|general[0].gpll~FRACTIONAL_PLL|vcoph[0]'
Slack : 0.830
TNS   : 0.000

Type  : Fast 1100mV 0C Model Minimum Pulse Width 'clk_74a'
Slack : 5.157
TNS   : 0.000

Type  : Fast 1100mV 0C Model Minimum Pulse Width 'bridge_spiclk'
Slack : 6.373
TNS   : 0.000

Type  : Fast 1100mV 0C Model Minimum Pulse Width 'altera_reserved_tck'
Slack : 15.650
TNS   : 0.000

Type  : Fast 1100mV 0C Model Minimum Pulse Width 'ic|mp1|mf_pllbase_inst|altera_pll_i|general[0].gpll~PLL_OUTPUT_COUNTER|divclk'
Slack : 39.567
TNS   : 0.000

Type  : Fast 1100mV 0C Model Minimum Pulse Width 'ic|mp1|mf_pllbase_inst|altera_pll_i|general[1].gpll~PLL_OUTPUT_COUNTER|divclk'
Slack : 40.195
TNS   : 0.000

------------------------------------------------------------
